lcd.c:53:6:LCD_WR_REG	16	static
lcd.c:64:6:LCD_WR_DATAX	16	static
lcd.c:76:6:LCD_WriteReg	16	static
lcd.c:82:6:LCD_WriteRAM_Prepare	8	static
lcd.c:88:6:LCD_WriteRAM	16	static
lcd.c:104:6:LCD_SetCursor	16	static
lcd.c:121:6:LCD_Scan_Dir	24	static
lcd.c:183:6:LCD_DrawPoint	16	static
lcd.c:193:6:LCD_Fast_DrawPoint	16	static
lcd.c:202:6:LCD_Display_Dir	16	static
lcd.c:231:6:LCD_Set_Window	24	static
lcd.c:251:6:LCD_Init	8	static
lcd.c:317:6:LCD_Clear	24	static
lcd.c:332:6:LCD_Fill	32	static
lcd.c:347:6:LCD_Color_Fill	32	static
lcd.c:363:6:LCD_DrawLine	64	static
lcd.c:399:6:LCD_DrawRectangle	24	static
lcd.c:409:6:LCD_Draw_Circle	32	static
lcd.c:440:6:LCD_ShowChar	40	static
lcd.c:474:5:LCD_Pow	24	static
lcd.c:486:6:LCD_ShowNum	48	static
lcd.c:514:6:LCD_ShowxNum	48	static
lcd.c:539:6:LCD_ShowString	40	static
lcd.c:563:6:LCD_ShowPicture	32	static
lcd.c:592:6:LCD_Flash_Pic	56	static
