w25qxx..c:40:6:W25QXX_Init	16	static
w25qxx..c:78:4:W25QXX_ReadSR	24	static
w25qxx..c:103:6:W25QXX_Write_SR	24	static
w25qxx..c:128:6:W25QXX_Write_Enable	8	static
w25qxx..c:136:6:W25QXX_Write_Disable	8	static
w25qxx..c:151:5:W25QXX_ReadID	16	static
w25qxx..c:169:6:W25QXX_Read	40	static
w25qxx..c:192:6:W25QXX_Write_Page	32	static
w25qxx..c:217:6:W25QXX_Write_NoCheck	32	static
w25qxx..c:244:6:W25QXX_Write	40	static
w25qxx..c:290:6:W25QXX_Erase_Chip	8	static
w25qxx..c:302:6:W25QXX_Erase_Sector	16	static
w25qxx..c:322:6:W25QXX_Wait_Busy	8	static
w25qxx..c:327:6:W25QXX_PowerDown	8	static
w25qxx..c:335:6:W25QXX_WAKEUP	8	static
