Archive member included to satisfy reference by file (symbol)

d:/st/stm32cubeide_1.6.0/stm32cubeide/plugins/com.st.stm32cube.ide.mcu.externaltools.gnu-tools-for-stm32.9-2020-q2-update.win32_1.5.0.202011040924/tools/bin/../lib/gcc/arm-none-eabi/9.3.1/../../../../arm-none-eabi/lib/thumb/v7e-m+fp/hard\libc_nano.a(lib_a-errno.o)
                              Core/Src/syscalls.o (__errno)
d:/st/stm32cubeide_1.6.0/stm32cubeide/plugins/com.st.stm32cube.ide.mcu.externaltools.gnu-tools-for-stm32.9-2020-q2-update.win32_1.5.0.202011040924/tools/bin/../lib/gcc/arm-none-eabi/9.3.1/../../../../arm-none-eabi/lib/thumb/v7e-m+fp/hard\libc_nano.a(lib_a-exit.o)
                              d:/st/stm32cubeide_1.6.0/stm32cubeide/plugins/com.st.stm32cube.ide.mcu.externaltools.gnu-tools-for-stm32.9-2020-q2-update.win32_1.5.0.202011040924/tools/bin/../lib/gcc/arm-none-eabi/9.3.1/../../../../arm-none-eabi/lib/thumb/v7e-m+fp/hard/crt0.o (exit)
d:/st/stm32cubeide_1.6.0/stm32cubeide/plugins/com.st.stm32cube.ide.mcu.externaltools.gnu-tools-for-stm32.9-2020-q2-update.win32_1.5.0.202011040924/tools/bin/../lib/gcc/arm-none-eabi/9.3.1/../../../../arm-none-eabi/lib/thumb/v7e-m+fp/hard\libc_nano.a(lib_a-impure.o)
                              d:/st/stm32cubeide_1.6.0/stm32cubeide/plugins/com.st.stm32cube.ide.mcu.externaltools.gnu-tools-for-stm32.9-2020-q2-update.win32_1.5.0.202011040924/tools/bin/../lib/gcc/arm-none-eabi/9.3.1/../../../../arm-none-eabi/lib/thumb/v7e-m+fp/hard\libc_nano.a(lib_a-exit.o) (_global_impure_ptr)
d:/st/stm32cubeide_1.6.0/stm32cubeide/plugins/com.st.stm32cube.ide.mcu.externaltools.gnu-tools-for-stm32.9-2020-q2-update.win32_1.5.0.202011040924/tools/bin/../lib/gcc/arm-none-eabi/9.3.1/../../../../arm-none-eabi/lib/thumb/v7e-m+fp/hard\libc_nano.a(lib_a-init.o)
                              d:/st/stm32cubeide_1.6.0/stm32cubeide/plugins/com.st.stm32cube.ide.mcu.externaltools.gnu-tools-for-stm32.9-2020-q2-update.win32_1.5.0.202011040924/tools/bin/../lib/gcc/arm-none-eabi/9.3.1/../../../../arm-none-eabi/lib/thumb/v7e-m+fp/hard/crt0.o (__libc_init_array)
d:/st/stm32cubeide_1.6.0/stm32cubeide/plugins/com.st.stm32cube.ide.mcu.externaltools.gnu-tools-for-stm32.9-2020-q2-update.win32_1.5.0.202011040924/tools/bin/../lib/gcc/arm-none-eabi/9.3.1/../../../../arm-none-eabi/lib/thumb/v7e-m+fp/hard\libc_nano.a(lib_a-memset.o)
                              d:/st/stm32cubeide_1.6.0/stm32cubeide/plugins/com.st.stm32cube.ide.mcu.externaltools.gnu-tools-for-stm32.9-2020-q2-update.win32_1.5.0.202011040924/tools/bin/../lib/gcc/arm-none-eabi/9.3.1/../../../../arm-none-eabi/lib/thumb/v7e-m+fp/hard/crt0.o (memset)
d:/st/stm32cubeide_1.6.0/stm32cubeide/plugins/com.st.stm32cube.ide.mcu.externaltools.gnu-tools-for-stm32.9-2020-q2-update.win32_1.5.0.202011040924/tools/bin/../lib/gcc/arm-none-eabi/9.3.1/../../../../arm-none-eabi/lib/thumb/v7e-m+fp/hard\libc_nano.a(lib_a-sprintf.o)
                              user/text.o (sprintf)
d:/st/stm32cubeide_1.6.0/stm32cubeide/plugins/com.st.stm32cube.ide.mcu.externaltools.gnu-tools-for-stm32.9-2020-q2-update.win32_1.5.0.202011040924/tools/bin/../lib/gcc/arm-none-eabi/9.3.1/../../../../arm-none-eabi/lib/thumb/v7e-m+fp/hard\libc_nano.a(lib_a-strlen.o)
                              user/text.o (strlen)
d:/st/stm32cubeide_1.6.0/stm32cubeide/plugins/com.st.stm32cube.ide.mcu.externaltools.gnu-tools-for-stm32.9-2020-q2-update.win32_1.5.0.202011040924/tools/bin/../lib/gcc/arm-none-eabi/9.3.1/../../../../arm-none-eabi/lib/thumb/v7e-m+fp/hard\libc_nano.a(lib_a-nano-svfprintf.o)
                              d:/st/stm32cubeide_1.6.0/stm32cubeide/plugins/com.st.stm32cube.ide.mcu.externaltools.gnu-tools-for-stm32.9-2020-q2-update.win32_1.5.0.202011040924/tools/bin/../lib/gcc/arm-none-eabi/9.3.1/../../../../arm-none-eabi/lib/thumb/v7e-m+fp/hard\libc_nano.a(lib_a-sprintf.o) (_svfprintf_r)
d:/st/stm32cubeide_1.6.0/stm32cubeide/plugins/com.st.stm32cube.ide.mcu.externaltools.gnu-tools-for-stm32.9-2020-q2-update.win32_1.5.0.202011040924/tools/bin/../lib/gcc/arm-none-eabi/9.3.1/../../../../arm-none-eabi/lib/thumb/v7e-m+fp/hard\libc_nano.a(lib_a-nano-vfprintf_i.o)
                              d:/st/stm32cubeide_1.6.0/stm32cubeide/plugins/com.st.stm32cube.ide.mcu.externaltools.gnu-tools-for-stm32.9-2020-q2-update.win32_1.5.0.202011040924/tools/bin/../lib/gcc/arm-none-eabi/9.3.1/../../../../arm-none-eabi/lib/thumb/v7e-m+fp/hard\libc_nano.a(lib_a-nano-svfprintf.o) (_printf_i)
d:/st/stm32cubeide_1.6.0/stm32cubeide/plugins/com.st.stm32cube.ide.mcu.externaltools.gnu-tools-for-stm32.9-2020-q2-update.win32_1.5.0.202011040924/tools/bin/../lib/gcc/arm-none-eabi/9.3.1/../../../../arm-none-eabi/lib/thumb/v7e-m+fp/hard\libc_nano.a(lib_a-memchr.o)
[...]
Memory Configuration

Name             Origin             Length             Attributes
RAM              0x0000000020000000 0x0000000000010000 xrw
FLASH            0x0000000008000000 0x0000000000040000 xr
*default*        0x0000000000000000 0xffffffffffffffff

Linker script and memory map

LOAD d:/st/stm32cubeide_1.6.0/stm32cubeide/plugins/com.st.stm32cube.ide.mcu.externaltools.gnu-tools-for-stm32.9-2020-q2-update.win32_1.5.0.202011040924/tools/bin/../lib/gcc/arm-none-eabi/9.3.1/thumb/v7e-m+fp/hard/crti.o
LOAD d:/st/stm32cubeide_1.6.0/stm32cubeide/plugins/com.st.stm32cube.ide.mcu.externaltools.gnu-tools-for-stm32.9-2020-q2-update.win32_1.5.0.202011040924/tools/bin/../lib/gcc/arm-none-eabi/9.3.1/thumb/v7e-m+fp/hard/crtbegin.o
LOAD d:/st/stm32cubeide_1.6.0/stm32cubeide/plugins/com.st.stm32cube.ide.mcu.externaltools.gnu-tools-for-stm32.9-2020-q2-update.win32_1.5.0.202011040924/tools/bin/../lib/gcc/arm-none-eabi/9.3.1/../../../../arm-none-eabi/lib/thumb/v7e-m+fp/hard/crt0.o
LOAD Core/Src/gpio.o
LOAD Core/Src/main.o
LOAD Core/Src/spi.o
LOAD Core/Src/stm32f4xx_hal_msp.o
LOAD Core/Src/stm32f4xx_it.o
LOAD Core/Src/syscalls.o
LOAD Core/Src/sysmem.o
LOAD Core/Src/system_stm32f4xx.o
LOAD Core/Src/tim.o
LOAD Core/Startup/startup_stm32f401ccux.o
LOAD Drivers/STM32F4xx_HAL_Driver/Src/stm32f4xx_hal.o
LOAD Drivers/STM32F4xx_HAL_Driver/Src/stm32f4xx_hal_cortex.o
LOAD Drivers/STM32F4xx_HAL_Driver/Src/stm32f4xx_hal_dma.o
LOAD Drivers/STM32F4xx_HAL_Driver/Src/stm32f4xx_hal_dma_ex.o
LOAD Drivers/STM32F4xx_HAL_Driver/Src/stm32f4xx_hal_exti.o
LOAD Drivers/STM32F4xx_HAL_Driver/Src/stm32f4xx_hal_flash.o
LOAD Drivers/STM32F4xx_HAL_Driver/Src/stm32f4xx_hal_flash_ex.o
LOAD Drivers/STM32F4xx_HAL_Driver/Src/stm32f4xx_hal_flash_ramfunc.o
LOAD Drivers/STM32F4xx_HAL_Driver/Src/stm32f4xx_hal_gpio.o
LOAD Drivers/STM32F4xx_HAL_Driver/Src/stm32f4xx_hal_pcd.o
LOAD Drivers/STM32F4xx_HAL_Driver/Src/stm32f4xx_hal_pcd_ex.o
LOAD Drivers/STM32F4xx_HAL_Driver/Src/stm32f4xx_hal_pwr.o
LOAD Drivers/STM32F4xx_HAL_Driver/Src/stm32f4xx_hal_pwr_ex.o
LOAD Drivers/STM32F4xx_HAL_Driver/Src/stm32f4xx_hal_rcc.o
LOAD Drivers/STM32F4xx_HAL_Driver/Src/stm32f4xx_hal_rcc_ex.o
LOAD Drivers/STM32F4xx_HAL_Driver/Src/stm32f4xx_hal_spi.o
LOAD Drivers/STM32F4xx_HAL_Driver/Src/stm32f4xx_hal_tim.o
LOAD Drivers/STM32F4xx_HAL_Driver/Src/stm32f4xx_hal_tim_ex.o
LOAD Drivers/STM32F4xx_HAL_Driver/Src/stm32f4xx_ll_usb.o
LOAD FATFS/App/fatfs.o
LOAD FATFS/Target/user_diskio.o
LOAD Middlewares/ST/STM32_USB_Device_Library/Class/MSC/Src/usbd_msc.o
LOAD Middlewares/ST/STM32_USB_Device_Library/Class/MSC/Src/usbd_msc_bot.o
LOAD Middlewares/ST/STM32_USB_Device_Library/Class/MSC/Src/usbd_msc_data.o
LOAD Middlewares/ST/STM32_USB_Device_Library/Class/MSC/Src/usbd_msc_scsi.o
LOAD Middlewares/ST/STM32_USB_Device_Library/Core/Src/usbd_core.o
LOAD Middlewares/ST/STM32_USB_Device_Library/Core/Src/usbd_ctlreq.o
LOAD Middlewares/ST/STM32_USB_Device_Library/Core/Src/usbd_ioreq.o
LOAD Middlewares/Third_Party/FatFs/src/diskio.o
LOAD Middlewares/Third_Party/FatFs/src/ff.o
LOAD Middlewares/Third_Party/FatFs/src/ff_gen_drv.o
LOAD Middlewares/Third_Party/FatFs/src/option/ccsbcs.o
LOAD Middlewares/Third_Party/FatFs/src/option/syscall.o
LOAD USB_DEVICE/App/usb_device.o
LOAD USB_DEVICE/App/usbd_desc.o
LOAD USB_DEVICE/App/usbd_storage_if.o
LOAD USB_DEVICE/Target/usbd_conf.o
LOAD user/Badge.o
LOAD user/lcd.o
LOAD user/led.o
LOAD user/remote.o
LOAD user/text.o
LOAD user/timer.o
LOAD user/w25qxx..o
START GROUP
LOAD d:/st/stm32cubeide_1.6.0/stm32cubeide/plugins/com.st.stm32cube.ide.mcu.externaltools.gnu-tools-for-stm32.9-2020-q2-update.win32_1.5.0.202011040924/tools/bin/../lib/gcc/arm-none-eabi/9.3.1/../../../../arm-none-eabi/lib/thumb/v7e-m+fp/hard\libc_nano.a
LOAD d:/st/stm32cubeide_1.6.0/stm32cubeide/plugins/com.st.stm32cube.ide.mcu.externaltools.gnu-tools-for-stm32.9-2020-q2-update.win32_1.5.0.202011040924/tools/bin/../lib/gcc/arm-none-eabi/9.3.1/../../../../arm-none-eabi/lib/thumb/v7e-m+fp/hard\libm.a
END GROUP
START GROUP
LOAD d:/st/stm32cubeide_1.6.0/stm32cubeide/plugins/com.st.stm32cube.ide.mcu.externaltools.gnu-tools-for-stm32.9-2020-q2-update.win32_1.5.0.202011040924/tools/bin/../lib/gcc/arm-none-eabi/9.3.1/thumb/v7e-m+fp/hard\libgcc.a
LOAD d:/st/stm32cubeide_1.6.0/stm32cubeide/plugins/com.st.stm32cube.ide.mcu.externaltools.gnu-tools-for-stm32.9-2020-q2-update.win32_1.5.0.202011040924/tools/bin/../lib/gcc/arm-none-eabi/9.3.1/../../../../arm-none-eabi/lib/thumb/v7e-m+fp/hard\libc_nano.a
END GROUP
START GROUP
LOAD d:/st/stm32cubeide_1.6.0/stm32cubeide/plugins/com.st.stm32cube.ide.mcu.externaltools.gnu-tools-for-stm32.9-2020-q2-update.win32_1.5.0.202011040924/tools/bin/../lib/gcc/arm-none-eabi/9.3.1/thumb/v7e-m+fp/hard\libgcc.a
LOAD d:/st/stm32cubeide_1.6.0/stm32cubeide/plugins/com.st.stm32cube.ide.mcu.externaltools.gnu-tools-for-stm32.9-2020-q2-update.win32_1.5.0.202011040924/tools/bin/../lib/gcc/arm-none-eabi/9.3.1/../../../../arm-none-eabi/lib/thumb/v7e-m+fp/hard\libc_nano.a
LOAD d:/st/stm32cubeide_1.6.0/stm32cubeide/plugins/com.st.stm32cube.ide.mcu.externaltools.gnu-tools-for-stm32.9-2020-q2-update.win32_1.5.0.202011040924/tools/bin/../lib/gcc/arm-none-eabi/9.3.1/../../../../arm-none-eabi/lib/thumb/v7e-m+fp/hard\libnosys.a
END GROUP
START GROUP
LOAD d:/st/stm32cubeide_1.6.0/stm32cubeide/plugins/com.st.stm32cube.ide.mcu.externaltools.gnu-tools-for-stm32.9-2020-q2-update.win32_1.5.0.202011040924/tools/bin/../lib/gcc/arm-none-eabi/9.3.1/thumb/v7e-m+fp/hard\libgcc.a
LOAD d:/st/stm32cubeide_1.6.0/stm32cubeide/plugins/com.st.stm32cube.ide.mcu.externaltools.gnu-tools-for-stm32.9-2020-q2-update.win32_1.5.0.202011040924/tools/bin/../lib/gcc/arm-none-eabi/9.3.1/../../../../arm-none-eabi/lib/thumb/v7e-m+fp/hard\libc_nano.a
LOAD d:/st/stm32cubeide_1.6.0/stm32cubeide/plugins/com.st.stm32cube.ide.mcu.externaltools.gnu-tools-for-stm32.9-2020-q2-update.win32_1.5.0.202011040924/tools/bin/../lib/gcc/arm-none-eabi/9.3.1/../../../../arm-none-eabi/lib/thumb/v7e-m+fp/hard\libnosys.a
END GROUP
LOAD d:/st/stm32cubeide_1.6.0/stm32cubeide/plugins/com.st.stm32cube.ide.mcu.externaltools.gnu-tools-for-stm32.9-2020-q2-update.win32_1.5.0.202011040924/tools/bin/../lib/gcc/arm-none-eabi/9.3.1/thumb/v7e-m+fp/hard/crtend.o
LOAD d:/st/stm32cubeide_1.6.0/stm32cubeide/plugins/com.st.stm32cube.ide.mcu.externaltools.gnu-tools-for-stm32.9-2020-q2-update.win32_1.5.0.202011040924/tools/bin/../lib/gcc/arm-none-eabi/9.3.1/thumb/v7e-m+fp/hard/crtn.o
                0x0000000020010000                _estack = (ORIGIN (RAM) + LENGTH (RAM))
                0x0000000000002000                _Min_Heap_Size = 0x2000
                0x0000000000000400                _Min_Stack_Size = 0x400

.isr_vector     0x0000000008000000      0x194
                0x0000000008000000                . = ALIGN (0x4)
 *(.isr_vector)
 .isr_vector    0x0000000008000000      0x194 Core/Startup/startup_stm32f401ccux.o
                0x0000000008000000                g_pfnVectors
                0x0000000008000194                . = ALIGN (0x4)

.text           0x00000000080001a0     0xf04c
                0x00000000080001a0                . = ALIGN (0x4)
 *(.text)
 .text          0x00000000080001a0       0x40 d:/st/stm32cubeide_1.6.0/stm32cubeide/plugins/com.st.stm32cube.ide.mcu.externaltools.gnu-tools-for-stm32.9-2020-q2-update.win32_1.5.0.202011040924/tools/bin/../lib/gcc/arm-none-eabi/9.3.1/thumb/v7e-m+fp/hard/crtbegin.o
 .text          0x00000000080001e0       0xa0 d:/st/stm32cubeide_1.6.0/stm32cubeide/plugins/com.st.stm32cube.ide.mcu.externaltools.gnu-tools-for-stm32.9-2020-q2-update.win32_1.5.0.202011040924/tools/bin/../lib/gcc/arm-none-eabi/9.3.1/../../../../arm-none-eabi/lib/thumb/v7e-m+fp/hard\libc_nano.a(lib_a-memchr.o)
                0x00000000080001e0                memchr
 .text          0x0000000008000280       0x30 d:/st/stm32cubeide_1.6.0/stm32cubeide/plugins/com.st.stm32cube.ide.mcu.externaltools.gnu-tools-for-stm32.9-2020-q2-update.win32_1.5.0.202011040924/tools/bin/../lib/gcc/arm-none-eabi/9.3.1/thumb/v7e-m+fp/hard\libgcc.a(_aeabi_uldivmod.o)
                0x0000000008000280                __aeabi_uldivmod
 .text          0x00000000080002b0      0x2c4 d:/st/stm32cubeide_1.6.0/stm32cubeide/plugins/com.st.stm32cube.ide.mcu.externaltools.gnu-tools-for-stm32.9-2020-q2-update.win32_1.5.0.202011040924/tools/bin/../lib/gcc/arm-none-eabi/9.3.1/thumb/v7e-m+fp/hard\libgcc.a(_udivmoddi4.o)
                0x00000000080002b0                __udivmoddi4
 .text          0x0000000008000574        0x4 d:/st/stm32cubeide_1.6.0/stm32cubeide/plugins/com.st.stm32cube.ide.mcu.externaltools.gnu-tools-for-stm32.9-2020-q2-update.win32_1.5.0.202011040924/tools/bin/../lib/gcc/arm-none-eabi/9.3.1/thumb/v7e-m+fp/hard\libgcc.a(_dvmd_tls.o)
                0x0000000008000574                __aeabi_idiv0
                0x0000000008000574                __aeabi_ldiv0
 *(.text*)
 .text.MX_GPIO_Init
                0x0000000008000578      0x144 Core/Src/gpio.o
                0x0000000008000578                MX_GPIO_Init
 .text.main     0x00000000080006bc       0x2e Core/Src/main.o
                0x00000000080006bc                main
 *fill*         0x00000000080006ea        0x2 
 .text.SystemClock_Config
                0x00000000080006ec       0xd4 Core/Src/main.o
                0x00000000080006ec                SystemClock_Config
 .text.Error_Handler
                0x00000000080007c0        0xa Core/Src/main.o
                0x00000000080007c0                Error_Handler
 *fill*         0x00000000080007ca        0x2 
 .text.MX_SPI1_Init
                0x00000000080007cc       0x6c Core/Src/spi.o
                0x00000000080007cc                MX_SPI1_Init
 .text.HAL_SPI_MspInit
                0x0000000008000838       0x90 Core/Src/spi.o
                0x0000000008000838                HAL_SPI_MspInit
 .text.SPI1_SetSpeed
                0x00000000080008c8       0x5c Core/Src/spi.o
                0x00000000080008c8                SPI1_SetSpeed
 .text.SPI1_ReadWriteByte
                0x0000000008000924       0x2c Core/Src/spi.o
                0x0000000008000924                SPI1_ReadWriteByte
 .text.HAL_MspInit
                0x0000000008000950       0x50 Core/Src/stm32f4xx_hal_msp.o
                0x0000000008000950                HAL_MspInit
 .text.NMI_Handler
                0x00000000080009a0        0x6 Core/Src/stm32f4xx_it.o
                0x00000000080009a0                NMI_Handler
 .text.HardFault_Handler
                0x00000000080009a6        0x6 Core/Src/stm32f4xx_it.o
                0x00000000080009a6                HardFault_Handler
 .text.MemManage_Handler
                0x00000000080009ac        0x6 Core/Src/stm32f4xx_it.o
                0x00000000080009ac                MemManage_Handler
 .text.BusFault_Handler
                0x00000000080009b2        0x6 Core/Src/stm32f4xx_it.o
                0x00000000080009b2                BusFault_Handler
 .text.UsageFault_Handler
                0x00000000080009b8        0x6 Core/Src/stm32f4xx_it.o
                0x00000000080009b8                UsageFault_Handler
 .text.SVC_Handler
                0x00000000080009be        0xe Core/Src/stm32f4xx_it.o
                0x00000000080009be                SVC_Handler
 .text.DebugMon_Handler
                0x00000000080009cc        0xe Core/Src/stm32f4xx_it.o
                0x00000000080009cc                DebugMon_Handler
 .text.PendSV_Handler
                0x00000000080009da        0xe Core/Src/stm32f4xx_it.o
                0x00000000080009da                PendSV_Handler
 .text.SysTick_Handler
                0x00000000080009e8        0xc Core/Src/stm32f4xx_it.o
                0x00000000080009e8                SysTick_Handler
 .text.TIM1_UP_TIM10_IRQHandler
                0x00000000080009f4       0x14 Core/Src/stm32f4xx_it.o
                0x00000000080009f4                TIM1_UP_TIM10_IRQHandler
 .text.TIM2_IRQHandler
                0x0000000008000a08       0x14 Core/Src/stm32f4xx_it.o
                0x0000000008000a08                TIM2_IRQHandler
 .text.OTG_FS_IRQHandler
                0x0000000008000a1c       0x14 Core/Src/stm32f4xx_it.o
                0x0000000008000a1c                OTG_FS_IRQHandler
 .text._sbrk    0x0000000008000a30       0x6c Core/Src/sysmem.o
                0x0000000008000a30                _sbrk
 .text.SystemInit
                0x0000000008000a9c       0x2c Core/Src/system_stm32f4xx.o
                0x0000000008000a9c                SystemInit
 .text.MX_TIM2_Init
                0x0000000008000ac8       0xa4 Core/Src/tim.o
                0x0000000008000ac8                MX_TIM2_Init
 .text.MX_TIM10_Init
                0x0000000008000b6c       0x44 Core/Src/tim.o
                0x0000000008000b6c                MX_TIM10_Init
 .text.HAL_TIM_IC_MspInit
                0x0000000008000bb0       0x9c Core/Src/tim.o
                0x0000000008000bb0                HAL_TIM_IC_MspInit
 .text.HAL_TIM_Base_MspInit
                0x0000000008000c4c       0x50 Core/Src/tim.o
                0x0000000008000c4c                HAL_TIM_Base_MspInit
 .text.Reset_Handler
                0x0000000008000c9c       0x50 Core/Startup/startup_stm32f401ccux.o
                0x0000000008000c9c                Reset_Handler
 .text.Default_Handler
                0x0000000008000cec        0x2 Core/Startup/startup_stm32f401ccux.o
                0x0000000008000cec                RTC_Alarm_IRQHandler
                0x0000000008000cec                EXTI2_IRQHandler
                0x0000000008000cec                SPI4_IRQHandler
                0x0000000008000cec                TIM1_CC_IRQHandler
                0x0000000008000cec                DMA2_Stream5_IRQHandler
                0x0000000008000cec                DMA1_Stream5_IRQHandler
                0x0000000008000cec                PVD_IRQHandler
                0x0000000008000cec                SDIO_IRQHandler
                0x0000000008000cec                TAMP_STAMP_IRQHandler
                0x0000000008000cec                EXTI3_IRQHandler
                0x0000000008000cec                I2C3_ER_IRQHandler
                0x0000000008000cec                EXTI0_IRQHandler
                0x0000000008000cec                I2C2_EV_IRQHandler
                0x0000000008000cec                DMA1_Stream2_IRQHandler
                0x0000000008000cec                FPU_IRQHandler
                0x0000000008000cec                DMA2_Stream2_IRQHandler
                0x0000000008000cec                SPI1_IRQHandler
                0x0000000008000cec                TIM1_BRK_TIM9_IRQHandler
                0x0000000008000cec                DMA2_Stream3_IRQHandler
                0x0000000008000cec                USART6_IRQHandler
                0x0000000008000cec                DMA2_Stream0_IRQHandler
                0x0000000008000cec                TIM4_IRQHandler
                0x0000000008000cec                I2C1_EV_IRQHandler
                0x0000000008000cec                DMA1_Stream6_IRQHandler
                0x0000000008000cec                DMA1_Stream1_IRQHandler
                0x0000000008000cec                TIM3_IRQHandler
                0x0000000008000cec                RCC_IRQHandler
                0x0000000008000cec                Default_Handler
                0x0000000008000cec                EXTI15_10_IRQHandler
                0x0000000008000cec                ADC_IRQHandler
                0x0000000008000cec                DMA1_Stream7_IRQHandler
                0x0000000008000cec                TIM5_IRQHandler
                0x0000000008000cec                DMA2_Stream7_IRQHandler
                0x0000000008000cec                I2C3_EV_IRQHandler
                0x0000000008000cec                EXTI9_5_IRQHandler
                0x0000000008000cec                RTC_WKUP_IRQHandler
                0x0000000008000cec                SPI2_IRQHandler
                0x0000000008000cec                DMA1_Stream0_IRQHandler
                0x0000000008000cec                EXTI4_IRQHandler
                0x0000000008000cec                WWDG_IRQHandler
                0x0000000008000cec                OTG_FS_WKUP_IRQHandler
                0x0000000008000cec                TIM1_TRG_COM_TIM11_IRQHandler
                0x0000000008000cec                EXTI1_IRQHandler
                0x0000000008000cec                USART2_IRQHandler
                0x0000000008000cec                I2C2_ER_IRQHandler
                0x0000000008000cec                DMA2_Stream1_IRQHandler
                0x0000000008000cec                FLASH_IRQHandler
                0x0000000008000cec                DMA2_Stream4_IRQHandler
                0x0000000008000cec                USART1_IRQHandler
                0x0000000008000cec                SPI3_IRQHandler
                0x0000000008000cec                DMA1_Stream4_IRQHandler
                0x0000000008000cec                I2C1_ER_IRQHandler
                0x0000000008000cec                DMA2_Stream6_IRQHandler
                0x0000000008000cec                DMA1_Stream3_IRQHandler
 *fill*         0x0000000008000cee        0x2 
 .text.HAL_Init
                0x0000000008000cf0       0x44 Drivers/STM32F4xx_HAL_Driver/Src/stm32f4xx_hal.o
                0x0000000008000cf0                HAL_Init
 .text.HAL_InitTick
                0x0000000008000d34       0x60 Drivers/STM32F4xx_HAL_Driver/Src/stm32f4xx_hal.o
                0x0000000008000d34                HAL_InitTick
 .text.HAL_IncTick
                0x0000000008000d94       0x28 Drivers/STM32F4xx_HAL_Driver/Src/stm32f4xx_hal.o
                0x0000000008000d94                HAL_IncTick
 .text.HAL_GetTick
                0x0000000008000dbc       0x18 Drivers/STM32F4xx_HAL_Driver/Src/stm32f4xx_hal.o
                0x0000000008000dbc                HAL_GetTick
 .text.HAL_Delay
                0x0000000008000dd4       0x48 Drivers/STM32F4xx_HAL_Driver/Src/stm32f4xx_hal.o
                0x0000000008000dd4                HAL_Delay
 .text.__NVIC_SetPriorityGrouping
                0x0000000008000e1c       0x48 Drivers/STM32F4xx_HAL_Driver/Src/stm32f4xx_hal_cortex.o
 .text.__NVIC_GetPriorityGrouping
                0x0000000008000e64       0x1c Drivers/STM32F4xx_HAL_Driver/Src/stm32f4xx_hal_cortex.o
 .text.__NVIC_EnableIRQ
                0x0000000008000e80       0x3c Drivers/STM32F4xx_HAL_Driver/Src/stm32f4xx_hal_cortex.o
 .text.__NVIC_SetPriority
                0x0000000008000ebc       0x54 Drivers/STM32F4xx_HAL_Driver/Src/stm32f4xx_hal_cortex.o
 .text.NVIC_EncodePriority
                0x0000000008000f10       0x66 Drivers/STM32F4xx_HAL_Driver/Src/stm32f4xx_hal_cortex.o
 *fill*         0x0000000008000f76        0x2 
 .text.SysTick_Config
                0x0000000008000f78       0x44 Drivers/STM32F4xx_HAL_Driver/Src/stm32f4xx_hal_cortex.o
 .text.HAL_NVIC_SetPriorityGrouping
                0x0000000008000fbc       0x16 Drivers/STM32F4xx_HAL_Driver/Src/stm32f4xx_hal_cortex.o
                0x0000000008000fbc                HAL_NVIC_SetPriorityGrouping
 .text.HAL_NVIC_SetPriority
                0x0000000008000fd2       0x38 Drivers/STM32F4xx_HAL_Driver/Src/stm32f4xx_hal_cortex.o
                0x0000000008000fd2                HAL_NVIC_SetPriority
 .text.HAL_NVIC_EnableIRQ
                0x000000000800100a       0x1c Drivers/STM32F4xx_HAL_Driver/Src/stm32f4xx_hal_cortex.o
                0x000000000800100a                HAL_NVIC_EnableIRQ
 .text.HAL_SYSTICK_Config
                0x0000000008001026       0x18 Drivers/STM32F4xx_HAL_Driver/Src/stm32f4xx_hal_cortex.o
                0x0000000008001026                HAL_SYSTICK_Config
 *fill*         0x000000000800103e        0x2 
 .text.HAL_GPIO_Init
                0x0000000008001040      0x308 Drivers/STM32F4xx_HAL_Driver/Src/stm32f4xx_hal_gpio.o
                0x0000000008001040                HAL_GPIO_Init
 .text.HAL_GPIO_WritePin
                0x0000000008001348       0x32 Drivers/STM32F4xx_HAL_Driver/Src/stm32f4xx_hal_gpio.o
                0x0000000008001348                HAL_GPIO_WritePin
 .text.HAL_PCD_Init
                0x000000000800137a      0x23a Drivers/STM32F4xx_HAL_Driver/Src/stm32f4xx_hal_pcd.o
                0x000000000800137a                HAL_PCD_Init
 .text.HAL_PCD_Start
                0x00000000080015b4       0x66 Drivers/STM32F4xx_HAL_Driver/Src/stm32f4xx_hal_pcd.o
                0x00000000080015b4                HAL_PCD_Start
 .text.HAL_PCD_IRQHandler
                0x000000000800161a      0x764 Drivers/STM32F4xx_HAL_Driver/Src/stm32f4xx_hal_pcd.o
                0x000000000800161a                HAL_PCD_IRQHandler
 .text.HAL_PCD_SetAddress
                0x0000000008001d7e       0x4a Drivers/STM32F4xx_HAL_Driver/Src/stm32f4xx_hal_pcd.o
                0x0000000008001d7e                HAL_PCD_SetAddress
 .text.HAL_PCD_EP_Open
                0x0000000008001dc8       0xd0 Drivers/STM32F4xx_HAL_Driver/Src/stm32f4xx_hal_pcd.o
                0x0000000008001dc8                HAL_PCD_EP_Open
 .text.HAL_PCD_EP_Close
                0x0000000008001e98       0x94 Drivers/STM32F4xx_HAL_Driver/Src/stm32f4xx_hal_pcd.o
                0x0000000008001e98                HAL_PCD_EP_Close
 .text.HAL_PCD_EP_Receive
                0x0000000008001f2c       0x96 Drivers/STM32F4xx_HAL_Driver/Src/stm32f4xx_hal_pcd.o
                0x0000000008001f2c                HAL_PCD_EP_Receive
 .text.HAL_PCD_EP_GetRxCount
                0x0000000008001fc2       0x30 Drivers/STM32F4xx_HAL_Driver/Src/stm32f4xx_hal_pcd.o
                0x0000000008001fc2                HAL_PCD_EP_GetRxCount
 .text.HAL_PCD_EP_Transmit
                0x0000000008001ff2       0x94 Drivers/STM32F4xx_HAL_Driver/Src/stm32f4xx_hal_pcd.o
                0x0000000008001ff2                HAL_PCD_EP_Transmit
 .text.HAL_PCD_EP_SetStall
                0x0000000008002086       0xc8 Drivers/STM32F4xx_HAL_Driver/Src/stm32f4xx_hal_pcd.o
                0x0000000008002086                HAL_PCD_EP_SetStall
 .text.HAL_PCD_EP_ClrStall
                0x000000000800214e       0xac Drivers/STM32F4xx_HAL_Driver/Src/stm32f4xx_hal_pcd.o
                0x000000000800214e                HAL_PCD_EP_ClrStall
 .text.HAL_PCD_EP_Flush
                0x00000000080021fa       0x5a Drivers/STM32F4xx_HAL_Driver/Src/stm32f4xx_hal_pcd.o
                0x00000000080021fa                HAL_PCD_EP_Flush
 .text.PCD_WriteEmptyTxFifo
                0x0000000008002254      0x11a Drivers/STM32F4xx_HAL_Driver/Src/stm32f4xx_hal_pcd.o
 *fill*         0x000000000800236e        0x2 
 .text.PCD_EP_OutXfrComplete_int
                0x0000000008002370      0x218 Drivers/STM32F4xx_HAL_Driver/Src/stm32f4xx_hal_pcd.o
 .text.PCD_EP_OutSetupPacket_int
                0x0000000008002588       0x8c Drivers/STM32F4xx_HAL_Driver/Src/stm32f4xx_hal_pcd.o
 .text.HAL_PCDEx_SetTxFiFo
                0x0000000008002614       0x8e Drivers/STM32F4xx_HAL_Driver/Src/stm32f4xx_hal_pcd_ex.o
                0x0000000008002614                HAL_PCDEx_SetTxFiFo
 .text.HAL_PCDEx_SetRxFiFo
                0x00000000080026a2       0x22 Drivers/STM32F4xx_HAL_Driver/Src/stm32f4xx_hal_pcd_ex.o
                0x00000000080026a2                HAL_PCDEx_SetRxFiFo
 .text.HAL_PCDEx_LPM_Callback
                0x00000000080026c4       0x18 Drivers/STM32F4xx_HAL_Driver/Src/stm32f4xx_hal_pcd_ex.o
                0x00000000080026c4                HAL_PCDEx_LPM_Callback
 .text.HAL_RCC_OscConfig
                0x00000000080026dc      0x4f0 Drivers/STM32F4xx_HAL_Driver/Src/stm32f4xx_hal_rcc.o
                0x00000000080026dc                HAL_RCC_OscConfig
 .text.HAL_RCC_ClockConfig
                0x0000000008002bcc      0x1cc Drivers/STM32F4xx_HAL_Driver/Src/stm32f4xx_hal_rcc.o
                0x0000000008002bcc                HAL_RCC_ClockConfig
 .text.HAL_RCC_GetSysClockFreq
                0x0000000008002d98      0x16c Drivers/STM32F4xx_HAL_Driver/Src/stm32f4xx_hal_rcc.o
                0x0000000008002d98                HAL_RCC_GetSysClockFreq
 .text.HAL_RCC_GetHCLKFreq
                0x0000000008002f04       0x18 Drivers/STM32F4xx_HAL_Driver/Src/stm32f4xx_hal_rcc.o
                0x0000000008002f04                HAL_RCC_GetHCLKFreq
 .text.HAL_SPI_Init
                0x0000000008002f1c      0x112 Drivers/STM32F4xx_HAL_Driver/Src/stm32f4xx_hal_spi.o
                0x0000000008002f1c                HAL_SPI_Init
 .text.HAL_SPI_TransmitReceive
                0x000000000800302e      0x344 Drivers/STM32F4xx_HAL_Driver/Src/stm32f4xx_hal_spi.o
                0x000000000800302e                HAL_SPI_TransmitReceive
 *fill*         0x0000000008003372        0x2 
 .text.SPI_WaitFlagStateUntilTimeout
                0x0000000008003374      0x110 Drivers/STM32F4xx_HAL_Driver/Src/stm32f4xx_hal_spi.o
 .text.SPI_EndRxTxTransaction
                0x0000000008003484       0x84 Drivers/STM32F4xx_HAL_Driver/Src/stm32f4xx_hal_spi.o
 .text.HAL_TIM_Base_Init
                0x0000000008003508       0x9e Drivers/STM32F4xx_HAL_Driver/Src/stm32f4xx_hal_tim.o
                0x0000000008003508                HAL_TIM_Base_Init
 *fill*         0x00000000080035a6        0x2 
 .text.HAL_TIM_Base_Start_IT
                0x00000000080035a8       0xc4 Drivers/STM32F4xx_HAL_Driver/Src/stm32f4xx_hal_tim.o
                0x00000000080035a8                HAL_TIM_Base_Start_IT
 .text.HAL_TIM_IC_Init
                0x000000000800366c       0x9e Drivers/STM32F4xx_HAL_Driver/Src/stm32f4xx_hal_tim.o
                0x000000000800366c                HAL_TIM_IC_Init
 *fill*         0x000000000800370a        0x2 
 .text.HAL_TIM_IC_Start_IT
                0x000000000800370c      0x228 Drivers/STM32F4xx_HAL_Driver/Src/stm32f4xx_hal_tim.o
                0x000000000800370c                HAL_TIM_IC_Start_IT
 .text.HAL_TIM_IRQHandler
                0x0000000008003934      0x210 Drivers/STM32F4xx_HAL_Driver/Src/stm32f4xx_hal_tim.o
                0x0000000008003934                HAL_TIM_IRQHandler
 .text.HAL_TIM_IC_ConfigChannel
                0x0000000008003b44      0x128 Drivers/STM32F4xx_HAL_Driver/Src/stm32f4xx_hal_tim.o
                0x0000000008003b44                HAL_TIM_IC_ConfigChannel
 .text.HAL_TIM_ReadCapturedValue
                0x0000000008003c6c       0x88 Drivers/STM32F4xx_HAL_Driver/Src/stm32f4xx_hal_tim.o
                0x0000000008003c6c                HAL_TIM_ReadCapturedValue
 .text.HAL_TIM_OC_DelayElapsedCallback
                0x0000000008003cf4       0x14 Drivers/STM32F4xx_HAL_Driver/Src/stm32f4xx_hal_tim.o
                0x0000000008003cf4                HAL_TIM_OC_DelayElapsedCallback
 .text.HAL_TIM_PWM_PulseFinishedCallback
                0x0000000008003d08       0x14 Drivers/STM32F4xx_HAL_Driver/Src/stm32f4xx_hal_tim.o
                0x0000000008003d08                HAL_TIM_PWM_PulseFinishedCallback
 .text.HAL_TIM_TriggerCallback
                0x0000000008003d1c       0x14 Drivers/STM32F4xx_HAL_Driver/Src/stm32f4xx_hal_tim.o
                0x0000000008003d1c                HAL_TIM_TriggerCallback
 .text.TIM_Base_SetConfig
                0x0000000008003d30      0x100 Drivers/STM32F4xx_HAL_Driver/Src/stm32f4xx_hal_tim.o
                0x0000000008003d30                TIM_Base_SetConfig
 .text.TIM_TI1_SetConfig
                0x0000000008003e30       0xd0 Drivers/STM32F4xx_HAL_Driver/Src/stm32f4xx_hal_tim.o
                0x0000000008003e30                TIM_TI1_SetConfig
 .text.TIM_TI2_SetConfig
                0x0000000008003f00       0x7a Drivers/STM32F4xx_HAL_Driver/Src/stm32f4xx_hal_tim.o
 .text.TIM_TI3_SetConfig
                0x0000000008003f7a       0x78 Drivers/STM32F4xx_HAL_Driver/Src/stm32f4xx_hal_tim.o
 .text.TIM_TI4_SetConfig
                0x0000000008003ff2       0x7a Drivers/STM32F4xx_HAL_Driver/Src/stm32f4xx_hal_tim.o
 .text.TIM_CCxChannelCmd
                0x000000000800406c       0x4a Drivers/STM32F4xx_HAL_Driver/Src/stm32f4xx_hal_tim.o
                0x000000000800406c                TIM_CCxChannelCmd
 *fill*         0x00000000080040b6        0x2 
 .text.HAL_TIMEx_MasterConfigSynchronization
                0x00000000080040b8       0xdc Drivers/STM32F4xx_HAL_Driver/Src/stm32f4xx_hal_tim_ex.o
                0x00000000080040b8                HAL_TIMEx_MasterConfigSynchronization
 .text.HAL_TIMEx_CommutCallback
                0x0000000008004194       0x14 Drivers/STM32F4xx_HAL_Driver/Src/stm32f4xx_hal_tim_ex.o
                0x0000000008004194                HAL_TIMEx_CommutCallback
 .text.HAL_TIMEx_BreakCallback
                0x00000000080041a8       0x14 Drivers/STM32F4xx_HAL_Driver/Src/stm32f4xx_hal_tim_ex.o
                0x00000000080041a8                HAL_TIMEx_BreakCallback
 .text.USB_CoreInit
                0x00000000080041bc       0xc2 Drivers/STM32F4xx_HAL_Driver/Src/stm32f4xx_ll_usb.o
                0x00000000080041bc                USB_CoreInit
 *fill*         0x000000000800427e        0x2 
 .text.USB_SetTurnaroundTime
                0x0000000008004280      0x144 Drivers/STM32F4xx_HAL_Driver/Src/stm32f4xx_ll_usb.o
                0x0000000008004280                USB_SetTurnaroundTime
 .text.USB_EnableGlobalInt
                0x00000000080043c4       0x22 Drivers/STM32F4xx_HAL_Driver/Src/stm32f4xx_ll_usb.o
                0x00000000080043c4                USB_EnableGlobalInt
 .text.USB_DisableGlobalInt
                0x00000000080043e6       0x22 Drivers/STM32F4xx_HAL_Driver/Src/stm32f4xx_ll_usb.o
                0x00000000080043e6                USB_DisableGlobalInt
 .text.USB_SetCurrentMode
                0x0000000008004408       0x54 Drivers/STM32F4xx_HAL_Driver/Src/stm32f4xx_ll_usb.o
                0x0000000008004408                USB_SetCurrentMode
 .text.USB_DevInit
                0x000000000800445c      0x2c8 Drivers/STM32F4xx_HAL_Driver/Src/stm32f4xx_ll_usb.o
                0x000000000800445c                USB_DevInit
 .text.USB_FlushTxFifo
                0x0000000008004724       0x4c Drivers/STM32F4xx_HAL_Driver/Src/stm32f4xx_ll_usb.o
                0x0000000008004724                USB_FlushTxFifo
 .text.USB_FlushRxFifo
                0x0000000008004770       0x44 Drivers/STM32F4xx_HAL_Driver/Src/stm32f4xx_ll_usb.o
                0x0000000008004770                USB_FlushRxFifo
 .text.USB_SetDevSpeed
                0x00000000080047b4       0x32 Drivers/STM32F4xx_HAL_Driver/Src/stm32f4xx_ll_usb.o
                0x00000000080047b4                USB_SetDevSpeed
 .text.USB_GetDevSpeed
                0x00000000080047e6       0x4a Drivers/STM32F4xx_HAL_Driver/Src/stm32f4xx_ll_usb.o
                0x00000000080047e6                USB_GetDevSpeed
 .text.USB_ActivateEndpoint
                0x0000000008004830      0x10e Drivers/STM32F4xx_HAL_Driver/Src/stm32f4xx_ll_usb.o
                0x0000000008004830                USB_ActivateEndpoint
 *fill*         0x000000000800493e        0x2 
 .text.USB_DeactivateEndpoint
                0x0000000008004940      0x1b8 Drivers/STM32F4xx_HAL_Driver/Src/stm32f4xx_ll_usb.o
                0x0000000008004940                USB_DeactivateEndpoint
 .text.USB_EPStartXfer
                0x0000000008004af8      0x488 Drivers/STM32F4xx_HAL_Driver/Src/stm32f4xx_ll_usb.o
                0x0000000008004af8                USB_EPStartXfer
 .text.USB_EP0StartXfer
                0x0000000008004f80      0x2a6 Drivers/STM32F4xx_HAL_Driver/Src/stm32f4xx_ll_usb.o
                0x0000000008004f80                USB_EP0StartXfer
 .text.USB_WritePacket
                0x0000000008005226       0x6a Drivers/STM32F4xx_HAL_Driver/Src/stm32f4xx_ll_usb.o
                0x0000000008005226                USB_WritePacket
 .text.USB_ReadPacket
                0x0000000008005290       0x52 Drivers/STM32F4xx_HAL_Driver/Src/stm32f4xx_ll_usb.o
                0x0000000008005290                USB_ReadPacket
 .text.USB_EPSetStall
                0x00000000080052e2       0xdc Drivers/STM32F4xx_HAL_Driver/Src/stm32f4xx_ll_usb.o
                0x00000000080052e2                USB_EPSetStall
 .text.USB_EPClearStall
                0x00000000080053be       0xcc Drivers/STM32F4xx_HAL_Driver/Src/stm32f4xx_ll_usb.o
                0x00000000080053be                USB_EPClearStall
 .text.USB_SetDevAddress
                0x000000000800548a       0x4c Drivers/STM32F4xx_HAL_Driver/Src/stm32f4xx_ll_usb.o
                0x000000000800548a                USB_SetDevAddress
 .text.USB_DevConnect
                0x00000000080054d6       0x42 Drivers/STM32F4xx_HAL_Driver/Src/stm32f4xx_ll_usb.o
                0x00000000080054d6                USB_DevConnect
 .text.USB_DevDisconnect
                0x0000000008005518       0x42 Drivers/STM32F4xx_HAL_Driver/Src/stm32f4xx_ll_usb.o
                0x0000000008005518                USB_DevDisconnect
 .text.USB_ReadInterrupts
                0x000000000800555a       0x26 Drivers/STM32F4xx_HAL_Driver/Src/stm32f4xx_ll_usb.o
                0x000000000800555a                USB_ReadInterrupts
 .text.USB_ReadDevAllOutEpInterrupt
                0x0000000008005580       0x34 Drivers/STM32F4xx_HAL_Driver/Src/stm32f4xx_ll_usb.o
                0x0000000008005580                USB_ReadDevAllOutEpInterrupt
 .text.USB_ReadDevAllInEpInterrupt
                0x00000000080055b4       0x34 Drivers/STM32F4xx_HAL_Driver/Src/stm32f4xx_ll_usb.o
                0x00000000080055b4                USB_ReadDevAllInEpInterrupt
 .text.USB_ReadDevOutEPInterrupt
                0x00000000080055e8       0x3c Drivers/STM32F4xx_HAL_Driver/Src/stm32f4xx_ll_usb.o
                0x00000000080055e8                USB_ReadDevOutEPInterrupt
 .text.USB_ReadDevInEPInterrupt
                0x0000000008005624       0x5c Drivers/STM32F4xx_HAL_Driver/Src/stm32f4xx_ll_usb.o
                0x0000000008005624                USB_ReadDevInEPInterrupt
 .text.USB_GetMode
                0x0000000008005680       0x1c Drivers/STM32F4xx_HAL_Driver/Src/stm32f4xx_ll_usb.o
                0x0000000008005680                USB_GetMode
 .text.USB_ActivateSetup
                0x000000000800569c       0x46 Drivers/STM32F4xx_HAL_Driver/Src/stm32f4xx_ll_usb.o
                0x000000000800569c                USB_ActivateSetup
 *fill*         0x00000000080056e2        0x2 
 .text.USB_EP0_OutStart
                0x00000000080056e4       0xbc Drivers/STM32F4xx_HAL_Driver/Src/stm32f4xx_ll_usb.o
                0x00000000080056e4                USB_EP0_OutStart
 .text.USB_CoreReset
                0x00000000080057a0       0x68 Drivers/STM32F4xx_HAL_Driver/Src/stm32f4xx_ll_usb.o
 .text.MX_FATFS_Init
                0x0000000008005808       0x24 FATFS/App/fatfs.o
                0x0000000008005808                MX_FATFS_Init
 .text.get_fattime
                0x000000000800582c       0x10 FATFS/App/fatfs.o
                0x000000000800582c                get_fattime
 .text.USER_initialize
                0x000000000800583c       0x18 FATFS/Target/user_diskio.o
                0x000000000800583c                USER_initialize
 .text.USER_status
                0x0000000008005854       0x18 FATFS/Target/user_diskio.o
                0x0000000008005854                USER_status
 .text.USER_read
                0x000000000800586c       0x4e FATFS/Target/user_diskio.o
                0x000000000800586c                USER_read
 .text.USER_write
                0x00000000080058ba       0x4e FATFS/Target/user_diskio.o
                0x00000000080058ba                USER_write
 .text.USER_ioctl
                0x0000000008005908       0x78 FATFS/Target/user_diskio.o
                0x0000000008005908                USER_ioctl
 .text.USBD_MSC_Init
                0x0000000008005980       0x9a Middlewares/ST/STM32_USB_Device_Library/Class/MSC/Src/usbd_msc.o
                0x0000000008005980                USBD_MSC_Init
 .text.USBD_MSC_DeInit
                0x0000000008005a1a       0x58 Middlewares/ST/STM32_USB_Device_Library/Class/MSC/Src/usbd_msc.o
                0x0000000008005a1a                USBD_MSC_DeInit
 *fill*         0x0000000008005a72        0x2 
 .text.USBD_MSC_Setup
                0x0000000008005a74      0x1e4 Middlewares/ST/STM32_USB_Device_Library/Class/MSC/Src/usbd_msc.o
                0x0000000008005a74                USBD_MSC_Setup
 .text.USBD_MSC_DataIn
                0x0000000008005c58       0x20 Middlewares/ST/STM32_USB_Device_Library/Class/MSC/Src/usbd_msc.o
                0x0000000008005c58                USBD_MSC_DataIn
 .text.USBD_MSC_DataOut
                0x0000000008005c78       0x20 Middlewares/ST/STM32_USB_Device_Library/Class/MSC/Src/usbd_msc.o
                0x0000000008005c78                USBD_MSC_DataOut
 .text.USBD_MSC_GetHSCfgDesc
                0x0000000008005c98       0x20 Middlewares/ST/STM32_USB_Device_Library/Class/MSC/Src/usbd_msc.o
                0x0000000008005c98                USBD_MSC_GetHSCfgDesc
 .text.USBD_MSC_GetFSCfgDesc
                0x0000000008005cb8       0x20 Middlewares/ST/STM32_USB_Device_Library/Class/MSC/Src/usbd_msc.o
                0x0000000008005cb8                USBD_MSC_GetFSCfgDesc
 .text.USBD_MSC_GetOtherSpeedCfgDesc
                0x0000000008005cd8       0x20 Middlewares/ST/STM32_USB_Device_Library/Class/MSC/Src/usbd_msc.o
                0x0000000008005cd8                USBD_MSC_GetOtherSpeedCfgDesc
 .text.USBD_MSC_GetDeviceQualifierDescriptor
                0x0000000008005cf8       0x20 Middlewares/ST/STM32_USB_Device_Library/Class/MSC/Src/usbd_msc.o
                0x0000000008005cf8                USBD_MSC_GetDeviceQualifierDescriptor
 .text.USBD_MSC_RegisterStorage
                0x0000000008005d18       0x2a Middlewares/ST/STM32_USB_Device_Library/Class/MSC/Src/usbd_msc.o
                0x0000000008005d18                USBD_MSC_RegisterStorage
 .text.MSC_BOT_Init
                0x0000000008005d42       0x7c Middlewares/ST/STM32_USB_Device_Library/Class/MSC/Src/usbd_msc_bot.o
                0x0000000008005d42                MSC_BOT_Init
 .text.MSC_BOT_Reset
                0x0000000008005dbe       0x4e Middlewares/ST/STM32_USB_Device_Library/Class/MSC/Src/usbd_msc_bot.o
                0x0000000008005dbe                MSC_BOT_Reset
 .text.MSC_BOT_DeInit
                0x0000000008005e0c       0x28 Middlewares/ST/STM32_USB_Device_Library/Class/MSC/Src/usbd_msc_bot.o
                0x0000000008005e0c                MSC_BOT_DeInit
 .text.MSC_BOT_DataIn
                0x0000000008005e34       0x72 Middlewares/ST/STM32_USB_Device_Library/Class/MSC/Src/usbd_msc_bot.o
                0x0000000008005e34                MSC_BOT_DataIn
 .text.MSC_BOT_DataOut
                0x0000000008005ea6       0x66 Middlewares/ST/STM32_USB_Device_Library/Class/MSC/Src/usbd_msc_bot.o
                0x0000000008005ea6                MSC_BOT_DataOut
 .text.MSC_BOT_CBW_Decode
                0x0000000008005f0c      0x144 Middlewares/ST/STM32_USB_Device_Library/Class/MSC/Src/usbd_msc_bot.o
 .text.MSC_BOT_SendData
                0x0000000008006050       0x6e Middlewares/ST/STM32_USB_Device_Library/Class/MSC/Src/usbd_msc_bot.o
 *fill*         0x00000000080060be        0x2 
 .text.MSC_BOT_SendCSW
                0x00000000080060c0       0x6c Middlewares/ST/STM32_USB_Device_Library/Class/MSC/Src/usbd_msc_bot.o
                0x00000000080060c0                MSC_BOT_SendCSW
 .text.MSC_BOT_Abort
                0x000000000800612c       0x6c Middlewares/ST/STM32_USB_Device_Library/Class/MSC/Src/usbd_msc_bot.o
 .text.MSC_BOT_CplClrFeature
                0x0000000008006198       0x5a Middlewares/ST/STM32_USB_Device_Library/Class/MSC/Src/usbd_msc_bot.o
                0x0000000008006198                MSC_BOT_CplClrFeature
 *fill*         0x00000000080061f2        0x2 
 .text.SCSI_ProcessCmd
                0x00000000080061f4      0x2fc Middlewares/ST/STM32_USB_Device_Library/Class/MSC/Src/usbd_msc_scsi.o
                0x00000000080061f4                SCSI_ProcessCmd
 .text.SCSI_TestUnitReady
                0x00000000080064f0       0xac Middlewares/ST/STM32_USB_Device_Library/Class/MSC/Src/usbd_msc_scsi.o
 .text.SCSI_Inquiry
                0x000000000800659c       0xf4 Middlewares/ST/STM32_USB_Device_Library/Class/MSC/Src/usbd_msc_scsi.o
 .text.SCSI_ReadCapacity10
                0x0000000008006690      0x114 Middlewares/ST/STM32_USB_Device_Library/Class/MSC/Src/usbd_msc_scsi.o
 .text.SCSI_ReadCapacity16
                0x00000000080067a4      0x17e Middlewares/ST/STM32_USB_Device_Library/Class/MSC/Src/usbd_msc_scsi.o
 .text.SCSI_ReadFormatCapacity
                0x0000000008006922       0xe8 Middlewares/ST/STM32_USB_Device_Library/Class/MSC/Src/usbd_msc_scsi.o
 *fill*         0x0000000008006a0a        0x2 
 .text.SCSI_ModeSense6
                0x0000000008006a0c       0x58 Middlewares/ST/STM32_USB_Device_Library/Class/MSC/Src/usbd_msc_scsi.o
 .text.SCSI_ModeSense10
                0x0000000008006a64       0x58 Middlewares/ST/STM32_USB_Device_Library/Class/MSC/Src/usbd_msc_scsi.o
 .text.SCSI_RequestSense
                0x0000000008006abc      0x120 Middlewares/ST/STM32_USB_Device_Library/Class/MSC/Src/usbd_msc_scsi.o
 .text.SCSI_SenseCode
                0x0000000008006bdc       0xb0 Middlewares/ST/STM32_USB_Device_Library/Class/MSC/Src/usbd_msc_scsi.o
                0x0000000008006bdc                SCSI_SenseCode
 .text.SCSI_StartStopUnit
                0x0000000008006c8c       0xb2 Middlewares/ST/STM32_USB_Device_Library/Class/MSC/Src/usbd_msc_scsi.o
 .text.SCSI_AllowPreventRemovable
                0x0000000008006d3e       0x5a Middlewares/ST/STM32_USB_Device_Library/Class/MSC/Src/usbd_msc_scsi.o
 .text.SCSI_Read10
                0x0000000008006d98      0x16e Middlewares/ST/STM32_USB_Device_Library/Class/MSC/Src/usbd_msc_scsi.o
 .text.SCSI_Read12
                0x0000000008006f06      0x182 Middlewares/ST/STM32_USB_Device_Library/Class/MSC/Src/usbd_msc_scsi.o
 .text.SCSI_Write10
                0x0000000008007088      0x1ba Middlewares/ST/STM32_USB_Device_Library/Class/MSC/Src/usbd_msc_scsi.o
 .text.SCSI_Write12
                0x0000000008007242      0x1da Middlewares/ST/STM32_USB_Device_Library/Class/MSC/Src/usbd_msc_scsi.o
 .text.SCSI_Verify10
                0x000000000800741c       0x7a Middlewares/ST/STM32_USB_Device_Library/Class/MSC/Src/usbd_msc_scsi.o
 .text.SCSI_CheckAddressRange
                0x0000000008007496       0x54 Middlewares/ST/STM32_USB_Device_Library/Class/MSC/Src/usbd_msc_scsi.o
 .text.SCSI_ProcessRead
                0x00000000080074ea      0x126 Middlewares/ST/STM32_USB_Device_Library/Class/MSC/Src/usbd_msc_scsi.o
 .text.SCSI_ProcessWrite
                0x0000000008007610      0x14e Middlewares/ST/STM32_USB_Device_Library/Class/MSC/Src/usbd_msc_scsi.o
 .text.SCSI_UpdateBotData
                0x000000000800775e       0x52 Middlewares/ST/STM32_USB_Device_Library/Class/MSC/Src/usbd_msc_scsi.o
 .text.USBD_Init
                0x00000000080077b0       0x60 Middlewares/ST/STM32_USB_Device_Library/Core/Src/usbd_core.o
                0x00000000080077b0                USBD_Init
 .text.USBD_RegisterClass
                0x0000000008007810       0x4e Middlewares/ST/STM32_USB_Device_Library/Core/Src/usbd_core.o
                0x0000000008007810                USBD_RegisterClass
 .text.USBD_Start
                0x000000000800785e       0x18 Middlewares/ST/STM32_USB_Device_Library/Core/Src/usbd_core.o
                0x000000000800785e                USBD_Start
 .text.USBD_RunTestMode
                0x0000000008007876       0x16 Middlewares/ST/STM32_USB_Device_Library/Core/Src/usbd_core.o
                0x0000000008007876                USBD_RunTestMode
 .text.USBD_SetClassConfig
                0x000000000800788c       0x38 Middlewares/ST/STM32_USB_Device_Library/Core/Src/usbd_core.o
                0x000000000800788c                USBD_SetClassConfig
 .text.USBD_ClrClassConfig
                0x00000000080078c4       0x30 Middlewares/ST/STM32_USB_Device_Library/Core/Src/usbd_core.o
                0x00000000080078c4                USBD_ClrClassConfig
 .text.USBD_LL_SetupStage
                0x00000000080078f4       0xaa Middlewares/ST/STM32_USB_Device_Library/Core/Src/usbd_core.o
                0x00000000080078f4                USBD_LL_SetupStage
 .text.USBD_LL_DataOutStage
                0x000000000800799e       0xc6 Middlewares/ST/STM32_USB_Device_Library/Core/Src/usbd_core.o
                0x000000000800799e                USBD_LL_DataOutStage
 .text.USBD_LL_DataInStage
                0x0000000008007a64      0x12c Middlewares/ST/STM32_USB_Device_Library/Core/Src/usbd_core.o
                0x0000000008007a64                USBD_LL_DataInStage
 .text.USBD_LL_Reset
                0x0000000008007b90       0x9c Middlewares/ST/STM32_USB_Device_Library/Core/Src/usbd_core.o
                0x0000000008007b90                USBD_LL_Reset
 .text.USBD_LL_SetSpeed
                0x0000000008007c2c       0x20 Middlewares/ST/STM32_USB_Device_Library/Core/Src/usbd_core.o
                0x0000000008007c2c                USBD_LL_SetSpeed
 .text.USBD_LL_Suspend
                0x0000000008007c4c       0x2c Middlewares/ST/STM32_USB_Device_Library/Core/Src/usbd_core.o
                0x0000000008007c4c                USBD_LL_Suspend
 .text.USBD_LL_Resume
                0x0000000008007c78       0x30 Middlewares/ST/STM32_USB_Device_Library/Core/Src/usbd_core.o
                0x0000000008007c78                USBD_LL_Resume
 .text.USBD_LL_SOF
                0x0000000008007ca8       0x44 Middlewares/ST/STM32_USB_Device_Library/Core/Src/usbd_core.o
                0x0000000008007ca8                USBD_LL_SOF
 .text.USBD_LL_IsoINIncomplete
                0x0000000008007cec       0x4c Middlewares/ST/STM32_USB_Device_Library/Core/Src/usbd_core.o
                0x0000000008007cec                USBD_LL_IsoINIncomplete
 .text.USBD_LL_IsoOUTIncomplete
                0x0000000008007d38       0x4c Middlewares/ST/STM32_USB_Device_Library/Core/Src/usbd_core.o
                0x0000000008007d38                USBD_LL_IsoOUTIncomplete
 .text.USBD_LL_DevConnected
                0x0000000008007d84       0x16 Middlewares/ST/STM32_USB_Device_Library/Core/Src/usbd_core.o
                0x0000000008007d84                USBD_LL_DevConnected
 .text.USBD_LL_DevDisconnected
                0x0000000008007d9a       0x38 Middlewares/ST/STM32_USB_Device_Library/Core/Src/usbd_core.o
                0x0000000008007d9a                USBD_LL_DevDisconnected
 .text.SWAPBYTE
                0x0000000008007dd2       0x3c Middlewares/ST/STM32_USB_Device_Library/Core/Src/usbd_ctlreq.o
 *fill*         0x0000000008007e0e        0x2 
 .text.USBD_StdDevReq
                0x0000000008007e10       0xdc Middlewares/ST/STM32_USB_Device_Library/Core/Src/usbd_ctlreq.o
                0x0000000008007e10                USBD_StdDevReq
 .text.USBD_StdItfReq
                0x0000000008007eec       0x92 Middlewares/ST/STM32_USB_Device_Library/Core/Src/usbd_ctlreq.o
                0x0000000008007eec                USBD_StdItfReq
 .text.USBD_StdEPReq
                0x0000000008007f7e      0x2c4 Middlewares/ST/STM32_USB_Device_Library/Core/Src/usbd_ctlreq.o
                0x0000000008007f7e                USBD_StdEPReq
 *fill*         0x0000000008008242        0x2 
 .text.USBD_GetDescriptor
                0x0000000008008244      0x2d4 Middlewares/ST/STM32_USB_Device_Library/Core/Src/usbd_ctlreq.o
 .text.USBD_SetAddress
                0x0000000008008518       0x88 Middlewares/ST/STM32_USB_Device_Library/Core/Src/usbd_ctlreq.o
 .text.USBD_SetConfig
                0x00000000080085a0      0x14c Middlewares/ST/STM32_USB_Device_Library/Core/Src/usbd_ctlreq.o
 .text.USBD_GetConfig
                0x00000000080086ec       0x6c Middlewares/ST/STM32_USB_Device_Library/Core/Src/usbd_ctlreq.o
 .text.USBD_GetStatus
                0x0000000008008758       0x68 Middlewares/ST/STM32_USB_Device_Library/Core/Src/usbd_ctlreq.o
 .text.USBD_SetFeature
                0x00000000080087c0       0x28 Middlewares/ST/STM32_USB_Device_Library/Core/Src/usbd_ctlreq.o
 .text.USBD_ClrFeature
                0x00000000080087e8       0x44 Middlewares/ST/STM32_USB_Device_Library/Core/Src/usbd_ctlreq.o
 .text.USBD_ParseSetupRequest
                0x000000000800882c       0x74 Middlewares/ST/STM32_USB_Device_Library/Core/Src/usbd_ctlreq.o
                0x000000000800882c                USBD_ParseSetupRequest
 .text.USBD_CtlError
                0x00000000080088a0       0x22 Middlewares/ST/STM32_USB_Device_Library/Core/Src/usbd_ctlreq.o
                0x00000000080088a0                USBD_CtlError
 .text.USBD_GetString
                0x00000000080088c2       0x8c Middlewares/ST/STM32_USB_Device_Library/Core/Src/usbd_ctlreq.o
                0x00000000080088c2                USBD_GetString
 .text.USBD_GetLen
                0x000000000800894e       0x34 Middlewares/ST/STM32_USB_Device_Library/Core/Src/usbd_ctlreq.o
 .text.USBD_CtlSendData
                0x0000000008008982       0x36 Middlewares/ST/STM32_USB_Device_Library/Core/Src/usbd_ioreq.o
                0x0000000008008982                USBD_CtlSendData
 .text.USBD_CtlContinueSendData
                0x00000000080089b8       0x22 Middlewares/ST/STM32_USB_Device_Library/Core/Src/usbd_ioreq.o
                0x00000000080089b8                USBD_CtlContinueSendData
 .text.USBD_CtlContinueRx
                0x00000000080089da       0x22 Middlewares/ST/STM32_USB_Device_Library/Core/Src/usbd_ioreq.o
                0x00000000080089da                USBD_CtlContinueRx
 .text.USBD_CtlSendStatus
                0x00000000080089fc       0x26 Middlewares/ST/STM32_USB_Device_Library/Core/Src/usbd_ioreq.o
                0x00000000080089fc                USBD_CtlSendStatus
 .text.USBD_CtlReceiveStatus
                0x0000000008008a22       0x26 Middlewares/ST/STM32_USB_Device_Library/Core/Src/usbd_ioreq.o
                0x0000000008008a22                USBD_CtlReceiveStatus
 .text.disk_status
                0x0000000008008a48       0x34 Middlewares/Third_Party/FatFs/src/diskio.o
                0x0000000008008a48                disk_status
 .text.disk_initialize
                0x0000000008008a7c       0x4c Middlewares/Third_Party/FatFs/src/diskio.o
                0x0000000008008a7c                disk_initialize
 .text.disk_read
                0x0000000008008ac8       0x40 Middlewares/Third_Party/FatFs/src/diskio.o
                0x0000000008008ac8                disk_read
 .text.disk_write
                0x0000000008008b08       0x40 Middlewares/Third_Party/FatFs/src/diskio.o
                0x0000000008008b08                disk_write
 .text.disk_ioctl
                0x0000000008008b48       0x3c Middlewares/Third_Party/FatFs/src/diskio.o
                0x0000000008008b48                disk_ioctl
 .text.ld_word  0x0000000008008b84       0x30 Middlewares/Third_Party/FatFs/src/ff.o
 .text.ld_dword
                0x0000000008008bb4       0x46 Middlewares/Third_Party/FatFs/src/ff.o
 .text.st_word  0x0000000008008bfa       0x36 Middlewares/Third_Party/FatFs/src/ff.o
 .text.st_dword
                0x0000000008008c30       0x58 Middlewares/Third_Party/FatFs/src/ff.o
 .text.mem_cpy  0x0000000008008c88       0x42 Middlewares/Third_Party/FatFs/src/ff.o
 .text.mem_set  0x0000000008008cca       0x36 Middlewares/Third_Party/FatFs/src/ff.o
 .text.mem_cmp  0x0000000008008d00       0x4e Middlewares/Third_Party/FatFs/src/ff.o
 .text.chk_chr  0x0000000008008d4e       0x36 Middlewares/Third_Party/FatFs/src/ff.o
 .text.chk_lock
                0x0000000008008d84       0xb8 Middlewares/Third_Party/FatFs/src/ff.o
 .text.enq_lock
                0x0000000008008e3c       0x44 Middlewares/Third_Party/FatFs/src/ff.o
 .text.inc_lock
                0x0000000008008e80      0x11c Middlewares/Third_Party/FatFs/src/ff.o
 .text.dec_lock
                0x0000000008008f9c       0x78 Middlewares/Third_Party/FatFs/src/ff.o
 .text.clear_lock
                0x0000000008009014       0x48 Middlewares/Third_Party/FatFs/src/ff.o
 .text.sync_window
                0x000000000800905c       0x88 Middlewares/Third_Party/FatFs/src/ff.o
 .text.move_window
                0x00000000080090e4       0x5a Middlewares/Third_Party/FatFs/src/ff.o
 *fill*         0x000000000800913e        0x2 
 .text.sync_fs  0x0000000008009140       0xdc Middlewares/Third_Party/FatFs/src/ff.o
 .text.clust2sect
                0x000000000800921c       0x3e Middlewares/Third_Party/FatFs/src/ff.o
 .text.get_fat  0x000000000800925a      0x154 Middlewares/Third_Party/FatFs/src/ff.o
 .text.put_fat  0x00000000080093ae      0x1de Middlewares/Third_Party/FatFs/src/ff.o
 .text.remove_chain
                0x000000000800958c       0xca Middlewares/Third_Party/FatFs/src/ff.o
 .text.create_chain
                0x0000000008009656      0x130 Middlewares/Third_Party/FatFs/src/ff.o
 .text.clmt_clust
                0x0000000008009786       0x68 Middlewares/Third_Party/FatFs/src/ff.o
 .text.dir_sdi  0x00000000080097ee       0xf6 Middlewares/Third_Party/FatFs/src/ff.o
 .text.dir_next
                0x00000000080098e4      0x18a Middlewares/Third_Party/FatFs/src/ff.o
 .text.dir_alloc
                0x0000000008009a6e       0x8e Middlewares/Third_Party/FatFs/src/ff.o
 .text.ld_clust
                0x0000000008009afc       0x3e Middlewares/Third_Party/FatFs/src/ff.o
 .text.st_clust
                0x0000000008009b3a       0x40 Middlewares/Third_Party/FatFs/src/ff.o
 *fill*         0x0000000008009b7a        0x2 
 .text.cmp_lfn  0x0000000008009b7c       0xe0 Middlewares/Third_Party/FatFs/src/ff.o
 .text.put_lfn  0x0000000008009c5c       0xd0 Middlewares/Third_Party/FatFs/src/ff.o
 .text.gen_numname
                0x0000000008009d2c      0x120 Middlewares/Third_Party/FatFs/src/ff.o
 .text.sum_sfn  0x0000000008009e4c       0x42 Middlewares/Third_Party/FatFs/src/ff.o
 .text.dir_find
                0x0000000008009e8e      0x180 Middlewares/Third_Party/FatFs/src/ff.o
 *fill*         0x000000000800a00e        0x2 
 .text.dir_register
                0x000000000800a010      0x1f0 Middlewares/Third_Party/FatFs/src/ff.o
 .text.create_name
                0x000000000800a200      0x370 Middlewares/Third_Party/FatFs/src/ff.o
 .text.follow_path
                0x000000000800a570       0xe2 Middlewares/Third_Party/FatFs/src/ff.o
 .text.get_ldnumber
                0x000000000800a652       0x88 Middlewares/Third_Party/FatFs/src/ff.o
 *fill*         0x000000000800a6da        0x2 
 .text.check_fs
                0x000000000800a6dc       0xac Middlewares/Third_Party/FatFs/src/ff.o
 .text.find_volume
                0x000000000800a788      0x498 Middlewares/Third_Party/FatFs/src/ff.o
 .text.validate
                0x000000000800ac20       0x6a Middlewares/Third_Party/FatFs/src/ff.o
 *fill*         0x000000000800ac8a        0x2 
 .text.f_mount  0x000000000800ac8c       0x8c Middlewares/Third_Party/FatFs/src/ff.o
                0x000000000800ac8c                f_mount
 .text.f_open   0x000000000800ad18      0x494 Middlewares/Third_Party/FatFs/src/ff.o
                0x000000000800ad18                f_open
 .text.f_read   0x000000000800b1ac      0x27e Middlewares/Third_Party/FatFs/src/ff.o
                0x000000000800b1ac                f_read
 .text.f_sync   0x000000000800b42a       0xfc Middlewares/Third_Party/FatFs/src/ff.o
                0x000000000800b42a                f_sync
 .text.f_close  0x000000000800b526       0x54 Middlewares/Third_Party/FatFs/src/ff.o
                0x000000000800b526                f_close
 .text.f_lseek  0x000000000800b57a      0x412 Middlewares/Third_Party/FatFs/src/ff.o
                0x000000000800b57a                f_lseek
 .text.FATFS_LinkDriverEx
                0x000000000800b98c       0x98 Middlewares/Third_Party/FatFs/src/ff_gen_drv.o
                0x000000000800b98c                FATFS_LinkDriverEx
 .text.FATFS_LinkDriver
                0x000000000800ba24       0x1e Middlewares/Third_Party/FatFs/src/ff_gen_drv.o
                0x000000000800ba24                FATFS_LinkDriver
 *fill*         0x000000000800ba42        0x2 
 .text.ff_convert
                0x000000000800ba44       0x78 Middlewares/Third_Party/FatFs/src/option/ccsbcs.o
                0x000000000800ba44                ff_convert
 .text.ff_wtoupper
                0x000000000800babc      0x114 Middlewares/Third_Party/FatFs/src/option/ccsbcs.o
                0x000000000800babc                ff_wtoupper
 .text.MX_USB_DEVICE_Init
                0x000000000800bbd0       0x60 USB_DEVICE/App/usb_device.o
                0x000000000800bbd0                MX_USB_DEVICE_Init
 .text.USBD_FS_DeviceDescriptor
                0x000000000800bc30       0x24 USB_DEVICE/App/usbd_desc.o
                0x000000000800bc30                USBD_FS_DeviceDescriptor
 .text.USBD_FS_LangIDStrDescriptor
                0x000000000800bc54       0x24 USB_DEVICE/App/usbd_desc.o
                0x000000000800bc54                USBD_FS_LangIDStrDescriptor
 .text.USBD_FS_ProductStrDescriptor
                0x000000000800bc78       0x3c USB_DEVICE/App/usbd_desc.o
                0x000000000800bc78                USBD_FS_ProductStrDescriptor
 .text.USBD_FS_ManufacturerStrDescriptor
                0x000000000800bcb4       0x28 USB_DEVICE/App/usbd_desc.o
                0x000000000800bcb4                USBD_FS_ManufacturerStrDescriptor
 .text.USBD_FS_SerialStrDescriptor
                0x000000000800bcdc       0x24 USB_DEVICE/App/usbd_desc.o
                0x000000000800bcdc                USBD_FS_SerialStrDescriptor
 .text.USBD_FS_ConfigStrDescriptor
                0x000000000800bd00       0x3c USB_DEVICE/App/usbd_desc.o
                0x000000000800bd00                USBD_FS_ConfigStrDescriptor
 .text.USBD_FS_InterfaceStrDescriptor
                0x000000000800bd3c       0x3c USB_DEVICE/App/usbd_desc.o
                0x000000000800bd3c                USBD_FS_InterfaceStrDescriptor
 .text.Get_SerialNum
                0x000000000800bd78       0x58 USB_DEVICE/App/usbd_desc.o
 .text.IntToUnicode
                0x000000000800bdd0       0x7e USB_DEVICE/App/usbd_desc.o
 .text.STORAGE_Init_FS
                0x000000000800be4e       0x18 USB_DEVICE/App/usbd_storage_if.o
 .text.STORAGE_GetCapacity_FS
                0x000000000800be66       0x2c USB_DEVICE/App/usbd_storage_if.o
 .text.STORAGE_IsReady_FS
                0x000000000800be92       0x18 USB_DEVICE/App/usbd_storage_if.o
 .text.STORAGE_IsWriteProtected_FS
                0x000000000800beaa       0x18 USB_DEVICE/App/usbd_storage_if.o
 .text.STORAGE_Read_FS
                0x000000000800bec2       0x30 USB_DEVICE/App/usbd_storage_if.o
 .text.STORAGE_Write_FS
                0x000000000800bef2       0x30 USB_DEVICE/App/usbd_storage_if.o
 .text.STORAGE_GetMaxLun_FS
                0x000000000800bf22       0x10 USB_DEVICE/App/usbd_storage_if.o
 *fill*         0x000000000800bf32        0x2 
 .text.HAL_PCD_MspInit
                0x000000000800bf34       0xa8 USB_DEVICE/Target/usbd_conf.o
                0x000000000800bf34                HAL_PCD_MspInit
 .text.HAL_PCD_SetupStageCallback
                0x000000000800bfdc       0x24 USB_DEVICE/Target/usbd_conf.o
                0x000000000800bfdc                HAL_PCD_SetupStageCallback
 .text.HAL_PCD_DataOutStageCallback
                0x000000000800c000       0x36 USB_DEVICE/Target/usbd_conf.o
                0x000000000800c000                HAL_PCD_DataOutStageCallback
 .text.HAL_PCD_DataInStageCallback
                0x000000000800c036       0x34 USB_DEVICE/Target/usbd_conf.o
                0x000000000800c036                HAL_PCD_DataInStageCallback
 .text.HAL_PCD_SOFCallback
                0x000000000800c06a       0x1c USB_DEVICE/Target/usbd_conf.o
                0x000000000800c06a                HAL_PCD_SOFCallback
 .text.HAL_PCD_ResetCallback
                0x000000000800c086       0x3c USB_DEVICE/Target/usbd_conf.o
                0x000000000800c086                HAL_PCD_ResetCallback
 *fill*         0x000000000800c0c2        0x2 
 .text.HAL_PCD_SuspendCallback
                0x000000000800c0c4       0x4c USB_DEVICE/Target/usbd_conf.o
                0x000000000800c0c4                HAL_PCD_SuspendCallback
 .text.HAL_PCD_ResumeCallback
                0x000000000800c110       0x1c USB_DEVICE/Target/usbd_conf.o
                0x000000000800c110                HAL_PCD_ResumeCallback
 .text.HAL_PCD_ISOOUTIncompleteCallback
                0x000000000800c12c       0x24 USB_DEVICE/Target/usbd_conf.o
                0x000000000800c12c                HAL_PCD_ISOOUTIncompleteCallback
 .text.HAL_PCD_ISOINIncompleteCallback
                0x000000000800c150       0x24 USB_DEVICE/Target/usbd_conf.o
                0x000000000800c150                HAL_PCD_ISOINIncompleteCallback
 .text.HAL_PCD_ConnectCallback
                0x000000000800c174       0x1c USB_DEVICE/Target/usbd_conf.o
                0x000000000800c174                HAL_PCD_ConnectCallback
 .text.HAL_PCD_DisconnectCallback
                0x000000000800c190       0x1c USB_DEVICE/Target/usbd_conf.o
                0x000000000800c190                HAL_PCD_DisconnectCallback
 .text.USBD_LL_Init
                0x000000000800c1ac       0x98 USB_DEVICE/Target/usbd_conf.o
                0x000000000800c1ac                USBD_LL_Init
 .text.USBD_LL_Start
                0x000000000800c244       0x36 USB_DEVICE/Target/usbd_conf.o
                0x000000000800c244                USBD_LL_Start
 .text.USBD_LL_OpenEP
                0x000000000800c27a       0x4c USB_DEVICE/Target/usbd_conf.o
                0x000000000800c27a                USBD_LL_OpenEP
 .text.USBD_LL_CloseEP
                0x000000000800c2c6       0x3e USB_DEVICE/Target/usbd_conf.o
                0x000000000800c2c6                USBD_LL_CloseEP
 .text.USBD_LL_FlushEP
                0x000000000800c304       0x3e USB_DEVICE/Target/usbd_conf.o
                0x000000000800c304                USBD_LL_FlushEP
 .text.USBD_LL_StallEP
                0x000000000800c342       0x3e USB_DEVICE/Target/usbd_conf.o
                0x000000000800c342                USBD_LL_StallEP
 .text.USBD_LL_ClearStallEP
                0x000000000800c380       0x3e USB_DEVICE/Target/usbd_conf.o
                0x000000000800c380                USBD_LL_ClearStallEP
 .text.USBD_LL_IsStallEP
                0x000000000800c3be       0x58 USB_DEVICE/Target/usbd_conf.o
                0x000000000800c3be                USBD_LL_IsStallEP
 .text.USBD_LL_SetUSBAddress
                0x000000000800c416       0x3e USB_DEVICE/Target/usbd_conf.o
                0x000000000800c416                USBD_LL_SetUSBAddress
 .text.USBD_LL_Transmit
                0x000000000800c454       0x42 USB_DEVICE/Target/usbd_conf.o
                0x000000000800c454                USBD_LL_Transmit
 .text.USBD_LL_PrepareReceive
                0x000000000800c496       0x42 USB_DEVICE/Target/usbd_conf.o
                0x000000000800c496                USBD_LL_PrepareReceive
 .text.USBD_LL_GetRxDataSize
                0x000000000800c4d8       0x26 USB_DEVICE/Target/usbd_conf.o
                0x000000000800c4d8                USBD_LL_GetRxDataSize
 *fill*         0x000000000800c4fe        0x2 
 .text.USBD_static_malloc
                0x000000000800c500       0x1c USB_DEVICE/Target/usbd_conf.o
                0x000000000800c500                USBD_static_malloc
 .text.USBD_static_free
                0x000000000800c51c       0x14 USB_DEVICE/Target/usbd_conf.o
                0x000000000800c51c                USBD_static_free
 .text.USBD_Get_USB_Status
                0x000000000800c530       0x58 USB_DEVICE/Target/usbd_conf.o
                0x000000000800c530                USBD_Get_USB_Status
 .text.show_name
                0x000000000800c588       0xb8 user/Badge.o
                0x000000000800c588                show_name
 .text.change_to_up
                0x000000000800c640       0x7c user/Badge.o
                0x000000000800c640                change_to_up
 .text.change_to_down
                0x000000000800c6bc       0x74 user/Badge.o
                0x000000000800c6bc                change_to_down
 .text.remote_change_pic
                0x000000000800c730      0x36c user/Badge.o
                0x000000000800c730                remote_change_pic
 .text.setup    0x000000000800ca9c       0xa4 user/Badge.o
                0x000000000800ca9c                setup
 .text.loop     0x000000000800cb40       0x14 user/Badge.o
                0x000000000800cb40                loop
 .text.LCD_WR_REG
                0x000000000800cb54       0x54 user/lcd.o
                0x000000000800cb54                LCD_WR_REG
 .text.LCD_WriteRAM_Prepare
                0x000000000800cba8       0x18 user/lcd.o
                0x000000000800cba8                LCD_WriteRAM_Prepare
 .text.LCD_WriteRAM
                0x000000000800cbc0       0x78 user/lcd.o
                0x000000000800cbc0                LCD_WriteRAM
 .text.LCD_SetCursor
                0x000000000800cc38      0x114 user/lcd.o
                0x000000000800cc38                LCD_SetCursor
 .text.LCD_Scan_Dir
                0x000000000800cd4c      0x2dc user/lcd.o
                0x000000000800cd4c                LCD_Scan_Dir
 .text.LCD_Fast_DrawPoint
                0x000000000800d028       0x32 user/lcd.o
                0x000000000800d028                LCD_Fast_DrawPoint
 *fill*         0x000000000800d05a        0x2 
 .text.LCD_Display_Dir
                0x000000000800d05c       0x78 user/lcd.o
                0x000000000800d05c                LCD_Display_Dir
 .text.LCD_Set_Window
                0x000000000800d0d4      0x200 user/lcd.o
                0x000000000800d0d4                LCD_Set_Window
 .text.LCD_Init
                0x000000000800d2d4      0x61c user/lcd.o
                0x000000000800d2d4                LCD_Init
 .text.LCD_ShowChar
                0x000000000800d8f0      0x178 user/lcd.o
                0x000000000800d8f0                LCD_ShowChar
 .text.LCD_ShowString
                0x000000000800da68       0x9a user/lcd.o
                0x000000000800da68                LCD_ShowString
 *fill*         0x000000000800db02        0x2 
 .text.LCD_Flash_Pic
                0x000000000800db04      0x170 user/lcd.o
                0x000000000800db04                LCD_Flash_Pic
 .text.led_isr  0x000000000800dc74       0x9c user/led.o
                0x000000000800dc74                led_isr
 .text.set_led_status
                0x000000000800dd10       0xa4 user/led.o
                0x000000000800dd10                set_led_status
 .text.remote_isr
                0x000000000800ddb4       0x7c user/remote.o
                0x000000000800ddb4                remote_isr
 .text.HAL_TIM_IC_CaptureCallback
                0x000000000800de30      0x178 user/remote.o
                0x000000000800de30                HAL_TIM_IC_CaptureCallback
 .text.Remote_Scan
                0x000000000800dfa8       0x94 user/remote.o
                0x000000000800dfa8                Remote_Scan
 .text.Get_HzMat
                0x000000000800e03c      0x144 user/text.o
                0x000000000800e03c                Get_HzMat
 .text.Show_Font
                0x000000000800e180      0x178 user/text.o
                0x000000000800e180                Show_Font
 .text.Show_Str
                0x000000000800e2f8      0x142 user/text.o
                0x000000000800e2f8                Show_Str
 *fill*         0x000000000800e43a        0x2 
 .text.HAL_TIM_PeriodElapsedCallback
                0x000000000800e43c       0x34 user/timer.o
                0x000000000800e43c                HAL_TIM_PeriodElapsedCallback
 .text.W25QXX_Init
                0x000000000800e470       0x74 user/w25qxx..o
                0x000000000800e470                W25QXX_Init
 .text.W25QXX_ReadSR
                0x000000000800e4e4       0x6c user/w25qxx..o
                0x000000000800e4e4                W25QXX_ReadSR
 .text.W25QXX_Write_Enable
                0x000000000800e550       0x20 user/w25qxx..o
                0x000000000800e550                W25QXX_Write_Enable
 .text.W25QXX_ReadID
                0x000000000800e570       0x64 user/w25qxx..o
                0x000000000800e570                W25QXX_ReadID
 .text.W25QXX_Read
                0x000000000800e5d4       0x90 user/w25qxx..o
                0x000000000800e5d4                W25QXX_Read
 .text.W25QXX_Write_Page
                0x000000000800e664       0x94 user/w25qxx..o
                0x000000000800e664                W25QXX_Write_Page
 .text.W25QXX_Write_NoCheck
                0x000000000800e6f8       0x74 user/w25qxx..o
                0x000000000800e6f8                W25QXX_Write_NoCheck
 .text.W25QXX_Write
                0x000000000800e76c      0x114 user/w25qxx..o
                0x000000000800e76c                W25QXX_Write
 .text.W25QXX_Erase_Sector
                0x000000000800e880       0x78 user/w25qxx..o
                0x000000000800e880                W25QXX_Erase_Sector
 .text.W25QXX_Wait_Busy
                0x000000000800e8f8       0x1c user/w25qxx..o
                0x000000000800e8f8                W25QXX_Wait_Busy
 .text.__errno  0x000000000800e914        0xc d:/st/stm32cubeide_1.6.0/stm32cubeide/plugins/com.st.stm32cube.ide.mcu.externaltools.gnu-tools-for-stm32.9-2020-q2-update.win32_1.5.0.202011040924/tools/bin/../lib/gcc/arm-none-eabi/9.3.1/../../../../arm-none-eabi/lib/thumb/v7e-m+fp/hard\libc_nano.a(lib_a-errno.o)
                0x000000000800e914                __errno
 .text.__libc_init_array
                0x000000000800e920       0x48 d:/st/stm32cubeide_1.6.0/stm32cubeide/plugins/com.st.stm32cube.ide.mcu.externaltools.gnu-tools-for-stm32.9-2020-q2-update.win32_1.5.0.202011040924/tools/bin/../lib/gcc/arm-none-eabi/9.3.1/../../../../arm-none-eabi/lib/thumb/v7e-m+fp/hard\libc_nano.a(lib_a-init.o)
                0x000000000800e920                __libc_init_array
 .text.memset   0x000000000800e968       0x10 d:/st/stm32cubeide_1.6.0/stm32cubeide/plugins/com.st.stm32cube.ide.mcu.externaltools.gnu-tools-for-stm32.9-2020-q2-update.win32_1.5.0.202011040924/tools/bin/../lib/gcc/arm-none-eabi/9.3.1/../../../../arm-none-eabi/lib/thumb/v7e-m+fp/hard\libc_nano.a(lib_a-memset.o)
                0x000000000800e968                memset
 .text.sprintf  0x000000000800e978       0x40 d:/st/stm32cubeide_1.6.0/stm32cubeide/plugins/com.st.stm32cube.ide.mcu.externaltools.gnu-tools-for-stm32.9-2020-q2-update.win32_1.5.0.202011040924/tools/bin/../lib/gcc/arm-none-eabi/9.3.1/../../../../arm-none-eabi/lib/thumb/v7e-m+fp/hard\libc_nano.a(lib_a-sprintf.o)
                0x000000000800e978                siprintf
                0x000000000800e978                sprintf
 .text.__ssputs_r
                0x000000000800e9b8       0xb6 d:/st/stm32cubeide_1.6.0/stm32cubeide/plugins/com.st.stm32cube.ide.mcu.externaltools.gnu-tools-for-stm32.9-2020-q2-update.win32_1.5.0.202011040924/tools/bin/../lib/gcc/arm-none-eabi/9.3.1/../../../../arm-none-eabi/lib/thumb/v7e-m+fp/hard\libc_nano.a(lib_a-nano-svfprintf.o)
                0x000000000800e9b8                __ssputs_r
 *fill*         0x000000000800ea6e        0x2 
 .text._svfprintf_r
                0x000000000800ea70      0x200 d:/st/stm32cubeide_1.6.0/stm32cubeide/plugins/com.st.stm32cube.ide.mcu.externaltools.gnu-tools-for-stm32.9-2020-q2-update.win32_1.5.0.202011040924/tools/bin/../lib/gcc/arm-none-eabi/9.3.1/../../../../arm-none-eabi/lib/thumb/v7e-m+fp/hard\libc_nano.a(lib_a-nano-svfprintf.o)
                0x000000000800ea70                _svfiprintf_r
                0x000000000800ea70                _svfprintf_r
 .text._printf_common
                0x000000000800ec70       0xda d:/st/stm32cubeide_1.6.0/stm32cubeide/plugins/com.st.stm32cube.ide.mcu.externaltools.gnu-tools-for-stm32.9-2020-q2-update.win32_1.5.0.202011040924/tools/bin/../lib/gcc/arm-none-eabi/9.3.1/../../../../arm-none-eabi/lib/thumb/v7e-m+fp/hard\libc_nano.a(lib_a-nano-vfprintf_i.o)
                0x000000000800ec70                _printf_common
 *fill*         0x000000000800ed4a        0x2 
 .text._printf_i
                0x000000000800ed4c      0x24c d:/st/stm32cubeide_1.6.0/stm32cubeide/plugins/com.st.stm32cube.ide.mcu.externaltools.gnu-tools-for-stm32.9-2020-q2-update.win32_1.5.0.202011040924/tools/bin/../lib/gcc/arm-none-eabi/9.3.1/../../../../arm-none-eabi/lib/thumb/v7e-m+fp/hard\libc_nano.a(lib_a-nano-vfprintf_i.o)
                0x000000000800ed4c                _printf_i
 .text.memcpy   0x000000000800ef98       0x1c d:/st/stm32cubeide_1.6.0/stm32cubeide/plugins/com.st.stm32cube.ide.mcu.externaltools.gnu-tools-for-stm32.9-2020-q2-update.win32_1.5.0.202011040924/tools/bin/../lib/gcc/arm-none-eabi/9.3.1/../../../../arm-none-eabi/lib/thumb/v7e-m+fp/hard\libc_nano.a(lib_a-memcpy-stub.o)
                0x000000000800ef98                memcpy
 .text.memmove  0x000000000800efb4       0x34 d:/st/stm32cubeide_1.6.0/stm32cubeide/plugins/com.st.stm32cube.ide.mcu.externaltools.gnu-tools-for-stm32.9-2020-q2-update.win32_1.5.0.202011040924/tools/bin/../lib/gcc/arm-none-eabi/9.3.1/../../../../arm-none-eabi/lib/thumb/v7e-m+fp/hard\libc_nano.a(lib_a-memmove.o)
                0x000000000800efb4                memmove
 .text._free_r  0x000000000800efe8       0xa0 d:/st/stm32cubeide_1.6.0/stm32cubeide/plugins/com.st.stm32cube.ide.mcu.externaltools.gnu-tools-for-stm32.9-2020-q2-update.win32_1.5.0.202011040924/tools/bin/../lib/gcc/arm-none-eabi/9.3.1/../../../../arm-none-eabi/lib/thumb/v7e-m+fp/hard\libc_nano.a(lib_a-nano-freer.o)
                0x000000000800efe8                _free_r
 .text._malloc_r
                0x000000000800f088       0xb4 d:/st/stm32cubeide_1.6.0/stm32cubeide/plugins/com.st.stm32cube.ide.mcu.externaltools.gnu-tools-for-stm32.9-2020-q2-update.win32_1.5.0.202011040924/tools/bin/../lib/gcc/arm-none-eabi/9.3.1/../../../../arm-none-eabi/lib/thumb/v7e-m+fp/hard\libc_nano.a(lib_a-nano-mallocr.o)
                0x000000000800f088                _malloc_r
 .text._realloc_r
                0x000000000800f13c       0x4c d:/st/stm32cubeide_1.6.0/stm32cubeide/plugins/com.st.stm32cube.ide.mcu.externaltools.gnu-tools-for-stm32.9-2020-q2-update.win32_1.5.0.202011040924/tools/bin/../lib/gcc/arm-none-eabi/9.3.1/../../../../arm-none-eabi/lib/thumb/v7e-m+fp/hard\libc_nano.a(lib_a-nano-reallocr.o)
                0x000000000800f13c                _realloc_r
 .text._sbrk_r  0x000000000800f188       0x20 d:/st/stm32cubeide_1.6.0/stm32cubeide/plugins/com.st.stm32cube.ide.mcu.externaltools.gnu-tools-for-stm32.9-2020-q2-update.win32_1.5.0.202011040924/tools/bin/../lib/gcc/arm-none-eabi/9.3.1/../../../../arm-none-eabi/lib/thumb/v7e-m+fp/hard\libc_nano.a(lib_a-sbrkr.o)
                0x000000000800f188                _sbrk_r
 .text.__malloc_lock
                0x000000000800f1a8        0xc d:/st/stm32cubeide_1.6.0/stm32cubeide/plugins/com.st.stm32cube.ide.mcu.externaltools.gnu-tools-for-stm32.9-2020-q2-update.win32_1.5.0.202011040924/tools/bin/../lib/gcc/arm-none-eabi/9.3.1/../../../../arm-none-eabi/lib/thumb/v7e-m+fp/hard\libc_nano.a(lib_a-mlock.o)
                0x000000000800f1a8                __malloc_lock
 .text.__malloc_unlock
                0x000000000800f1b4        0xc d:/st/stm32cubeide_1.6.0/stm32cubeide/plugins/com.st.stm32cube.ide.mcu.externaltools.gnu-tools-for-stm32.9-2020-q2-update.win32_1.5.0.202011040924/tools/bin/../lib/gcc/arm-none-eabi/9.3.1/../../../../arm-none-eabi/lib/thumb/v7e-m+fp/hard\libc_nano.a(lib_a-mlock.o)
                0x000000000800f1b4                __malloc_unlock
 .text._malloc_usable_size_r
                0x000000000800f1c0       0x10 d:/st/stm32cubeide_1.6.0/stm32cubeide/plugins/com.st.stm32cube.ide.mcu.externaltools.gnu-tools-for-stm32.9-2020-q2-update.win32_1.5.0.202011040924/tools/bin/../lib/gcc/arm-none-eabi/9.3.1/../../../../arm-none-eabi/lib/thumb/v7e-m+fp/hard\libc_nano.a(lib_a-nano-msizer.o)
                0x000000000800f1c0                _malloc_usable_size_r
 .text.__retarget_lock_acquire_recursive
                0x000000000800f1d0        0x2 d:/st/stm32cubeide_1.6.0/stm32cubeide/plugins/com.st.stm32cube.ide.mcu.externaltools.gnu-tools-for-stm32.9-2020-q2-update.win32_1.5.0.202011040924/tools/bin/../lib/gcc/arm-none-eabi/9.3.1/../../../../arm-none-eabi/lib/thumb/v7e-m+fp/hard\libc_nano.a(lib_a-lock.o)
                0x000000000800f1d0                __retarget_lock_acquire_recursive
 .text.__retarget_lock_release_recursive
                0x000000000800f1d2        0x2 d:/st/stm32cubeide_1.6.0/stm32cubeide/plugins/com.st.stm32cube.ide.mcu.externaltools.gnu-tools-for-stm32.9-2020-q2-update.win32_1.5.0.202011040924/tools/bin/../lib/gcc/arm-none-eabi/9.3.1/../../../../arm-none-eabi/lib/thumb/v7e-m+fp/hard\libc_nano.a(lib_a-lock.o)
                0x000000000800f1d2                __retarget_lock_release_recursive
 *(.glue_7)
 .glue_7        0x000000000800f1d4        0x0 linker stubs
 *(.glue_7t)
 .glue_7t       0x000000000800f1d4        0x0 linker stubs
 *(.eh_frame)
 .eh_frame      0x000000000800f1d4        0x0 d:/st/stm32cubeide_1.6.0/stm32cubeide/plugins/com.st.stm32cube.ide.mcu.externaltools.gnu-tools-for-stm32.9-2020-q2-update.win32_1.5.0.202011040924/tools/bin/../lib/gcc/arm-none-eabi/9.3.1/thumb/v7e-m+fp/hard/crtbegin.o
 *(.init)
 .init          0x000000000800f1d4        0x4 d:/st/stm32cubeide_1.6.0/stm32cubeide/plugins/com.st.stm32cube.ide.mcu.externaltools.gnu-tools-for-stm32.9-2020-q2-update.win32_1.5.0.202011040924/tools/bin/../lib/gcc/arm-none-eabi/9.3.1/thumb/v7e-m+fp/hard/crti.o
                0x000000000800f1d4                _init
 .init          0x000000000800f1d8        0x8 d:/st/stm32cubeide_1.6.0/stm32cubeide/plugins/com.st.stm32cube.ide.mcu.externaltools.gnu-tools-for-stm32.9-2020-q2-update.win32_1.5.0.202011040924/tools/bin/../lib/gcc/arm-none-eabi/9.3.1/thumb/v7e-m+fp/hard/crtn.o
 *(.fini)
 .fini          0x000000000800f1e0        0x4 d:/st/stm32cubeide_1.6.0/stm32cubeide/plugins/com.st.stm32cube.ide.mcu.externaltools.gnu-tools-for-stm32.9-2020-q2-update.win32_1.5.0.202011040924/tools/bin/../lib/gcc/arm-none-eabi/9.3.1/thumb/v7e-m+fp/hard/crti.o
                0x000000000800f1e0                _fini
 .fini          0x000000000800f1e4        0x8 d:/st/stm32cubeide_1.6.0/stm32cubeide/plugins/com.st.stm32cube.ide.mcu.externaltools.gnu-tools-for-stm32.9-2020-q2-update.win32_1.5.0.202011040924/tools/bin/../lib/gcc/arm-none-eabi/9.3.1/thumb/v7e-m+fp/hard/crtn.o
                0x000000000800f1ec                . = ALIGN (0x4)
                0x000000000800f1ec                _etext = .

.vfp11_veneer   0x000000000800f1ec        0x0
 .vfp11_veneer  0x000000000800f1ec        0x0 linker stubs

.v4_bx          0x000000000800f1ec        0x0
 .v4_bx         0x000000000800f1ec        0x0 linker stubs

.iplt           0x000000000800f1ec        0x0
 .iplt          0x000000000800f1ec        0x0 d:/st/stm32cubeide_1.6.0/stm32cubeide/plugins/com.st.stm32cube.ide.mcu.externaltools.gnu-tools-for-stm32.9-2020-q2-update.win32_1.5.0.202011040924/tools/bin/../lib/gcc/arm-none-eabi/9.3.1/thumb/v7e-m+fp/hard/crtbegin.o

.rodata         0x000000000800f1ec     0x35d0
                0x000000000800f1ec                . = ALIGN (0x4)
 *(.rodata)
 .rodata        0x000000000800f1ec       0x48 Middlewares/Third_Party/FatFs/src/ff.o
 .rodata        0x000000000800f234       0x42 USB_DEVICE/App/usbd_desc.o
 *fill*         0x000000000800f276        0x2 
 .rodata        0x000000000800f278       0xf5 user/Badge.o
 *fill*         0x000000000800f36d        0x3 
 .rodata        0x000000000800f370       0x12 user/lcd.o
 *fill*         0x000000000800f382        0x2 
 .rodata        0x000000000800f384        0xf user/text.o
 *(.rodata*)
 *fill*         0x000000000800f393        0x1 
 .rodata.AHBPrescTable
                0x000000000800f394       0x10 Core/Src/system_stm32f4xx.o
                0x000000000800f394                AHBPrescTable
 .rodata.ExCvt  0x000000000800f3a4       0x80 Middlewares/Third_Party/FatFs/src/ff.o
 .rodata.LfnOfs
                0x000000000800f424        0xd Middlewares/Third_Party/FatFs/src/ff.o
 *fill*         0x000000000800f431        0x3 
 .rodata.Tbl    0x000000000800f434      0x100 Middlewares/Third_Party/FatFs/src/option/ccsbcs.o
 .rodata.cvt1.9194
                0x000000000800f534      0x1f2 Middlewares/Third_Party/FatFs/src/option/ccsbcs.o
 *fill*         0x000000000800f726        0x2 
 .rodata.cvt2.9195
                0x000000000800f728       0xbc Middlewares/Third_Party/FatFs/src/option/ccsbcs.o
 .rodata.STORAGE_Inquirydata_FS
                0x000000000800f7e4       0x24 USB_DEVICE/App/usbd_storage_if.o
                0x000000000800f7e4                STORAGE_Inquirydata_FS
 .rodata.asc2_1206
                0x000000000800f808      0x474 user/lcd.o
                0x000000000800f808                asc2_1206
 .rodata.asc2_1608
                0x000000000800fc7c      0x5f0 user/lcd.o
                0x000000000800fc7c                asc2_1608
 .rodata.asc2_2412
                0x000000000801026c      0xd5c user/lcd.o
                0x000000000801026c                asc2_2412
 .rodata.asc2_3216
                0x0000000008010fc8     0x17c0 user/lcd.o
                0x0000000008010fc8                asc2_3216
 .rodata._svfprintf_r.str1.1
                0x0000000008012788       0x11 d:/st/stm32cubeide_1.6.0/stm32cubeide/plugins/com.st.stm32cube.ide.mcu.externaltools.gnu-tools-for-stm32.9-2020-q2-update.win32_1.5.0.202011040924/tools/bin/../lib/gcc/arm-none-eabi/9.3.1/../../../../arm-none-eabi/lib/thumb/v7e-m+fp/hard\libc_nano.a(lib_a-nano-svfprintf.o)
 .rodata._printf_i.str1.1
                0x0000000008012799       0x22 d:/st/stm32cubeide_1.6.0/stm32cubeide/plugins/com.st.stm32cube.ide.mcu.externaltools.gnu-tools-for-stm32.9-2020-q2-update.win32_1.5.0.202011040924/tools/bin/../lib/gcc/arm-none-eabi/9.3.1/../../../../arm-none-eabi/lib/thumb/v7e-m+fp/hard\libc_nano.a(lib_a-nano-vfprintf_i.o)
                0x00000000080127bc                . = ALIGN (0x4)
 *fill*         0x00000000080127bb        0x1 

.ARM.extab      0x00000000080127bc        0x0
                0x00000000080127bc                . = ALIGN (0x4)
 *(.ARM.extab* .gnu.linkonce.armextab.*)
                0x00000000080127bc                . = ALIGN (0x4)

.ARM            0x00000000080127bc        0x8
                0x00000000080127bc                . = ALIGN (0x4)
                0x00000000080127bc                __exidx_start = .
 *(.ARM.exidx*)
 .ARM.exidx     0x00000000080127bc        0x8 d:/st/stm32cubeide_1.6.0/stm32cubeide/plugins/com.st.stm32cube.ide.mcu.externaltools.gnu-tools-for-stm32.9-2020-q2-update.win32_1.5.0.202011040924/tools/bin/../lib/gcc/arm-none-eabi/9.3.1/thumb/v7e-m+fp/hard\libgcc.a(_udivmoddi4.o)
                0x00000000080127c4                __exidx_end = .
                0x00000000080127c4                . = ALIGN (0x4)

.rel.dyn        0x00000000080127c4        0x0
 .rel.iplt      0x00000000080127c4        0x0 d:/st/stm32cubeide_1.6.0/stm32cubeide/plugins/com.st.stm32cube.ide.mcu.externaltools.gnu-tools-for-stm32.9-2020-q2-update.win32_1.5.0.202011040924/tools/bin/../lib/gcc/arm-none-eabi/9.3.1/thumb/v7e-m+fp/hard/crtbegin.o

.preinit_array  0x00000000080127c4        0x0
                0x00000000080127c4                . = ALIGN (0x4)
                0x00000000080127c4                PROVIDE (__preinit_array_start = .)
 *(.preinit_array*)
                0x00000000080127c4                PROVIDE (__preinit_array_end = .)
                0x00000000080127c4                . = ALIGN (0x4)

.init_array     0x00000000080127c4        0x4
                0x00000000080127c4                . = ALIGN (0x4)
                0x00000000080127c4                PROVIDE (__init_array_start = .)
 *(SORT_BY_NAME(.init_array.*))
 *(.init_array*)
 .init_array    0x00000000080127c4        0x4 d:/st/stm32cubeide_1.6.0/stm32cubeide/plugins/com.st.stm32cube.ide.mcu.externaltools.gnu-tools-for-stm32.9-2020-q2-update.win32_1.5.0.202011040924/tools/bin/../lib/gcc/arm-none-eabi/9.3.1/thumb/v7e-m+fp/hard/crtbegin.o
                0x00000000080127c8                PROVIDE (__init_array_end = .)
                0x00000000080127c8                . = ALIGN (0x4)

.fini_array     0x00000000080127c8        0x4
                0x00000000080127c8                . = ALIGN (0x4)
                [!provide]                        PROVIDE (__fini_array_start = .)
 *(SORT_BY_NAME(.fini_array.*))
 *(.fini_array*)
 .fini_array    0x00000000080127c8        0x4 d:/st/stm32cubeide_1.6.0/stm32cubeide/plugins/com.st.stm32cube.ide.mcu.externaltools.gnu-tools-for-stm32.9-2020-q2-update.win32_1.5.0.202011040924/tools/bin/../lib/gcc/arm-none-eabi/9.3.1/thumb/v7e-m+fp/hard/crtbegin.o
                [!provide]                        PROVIDE (__fini_array_end = .)
                0x00000000080127cc                . = ALIGN (0x4)
                0x00000000080127cc                _sidata = LOADADDR (.data)

.data           0x0000000020000000      0x1e4 load address 0x00000000080127cc
                0x0000000020000000                . = ALIGN (0x4)
                0x0000000020000000                _sdata = .
 *(.data)
 *(.data*)
 .data.SystemCoreClock
                0x0000000020000000        0x4 Core/Src/system_stm32f4xx.o
                0x0000000020000000                SystemCoreClock
 .data.uwTickPrio
                0x0000000020000004        0x4 Drivers/STM32F4xx_HAL_Driver/Src/stm32f4xx_hal.o
                0x0000000020000004                uwTickPrio
 .data.uwTickFreq
                0x0000000020000008        0x1 Drivers/STM32F4xx_HAL_Driver/Src/stm32f4xx_hal.o
                0x0000000020000008                uwTickFreq
 *fill*         0x0000000020000009        0x1 
 .data.FLASH_SECTOR_COUNT
                0x000000002000000a        0x2 FATFS/Target/user_diskio.o
                0x000000002000000a                FLASH_SECTOR_COUNT
 .data.USER_Driver
                0x000000002000000c       0x14 FATFS/Target/user_diskio.o
                0x000000002000000c                USER_Driver
 .data.USBD_MSC
                0x0000000020000020       0x38 Middlewares/ST/STM32_USB_Device_Library/Class/MSC/Src/usbd_msc.o
                0x0000000020000020                USBD_MSC
 .data.USBD_MSC_CfgHSDesc
                0x0000000020000058       0x20 Middlewares/ST/STM32_USB_Device_Library/Class/MSC/Src/usbd_msc.o
 .data.USBD_MSC_CfgFSDesc
                0x0000000020000078       0x20 Middlewares/ST/STM32_USB_Device_Library/Class/MSC/Src/usbd_msc.o
 .data.USBD_MSC_OtherSpeedCfgDesc
                0x0000000020000098       0x20 Middlewares/ST/STM32_USB_Device_Library/Class/MSC/Src/usbd_msc.o
 .data.USBD_MSC_DeviceQualifierDesc
                0x00000000200000b8        0xa Middlewares/ST/STM32_USB_Device_Library/Class/MSC/Src/usbd_msc.o
 *fill*         0x00000000200000c2        0x2 
 .data.MSC_Page00_Inquiry_Data
                0x00000000200000c4        0x6 Middlewares/ST/STM32_USB_Device_Library/Class/MSC/Src/usbd_msc_data.o
                0x00000000200000c4                MSC_Page00_Inquiry_Data
 *fill*         0x00000000200000ca        0x2 
 .data.MSC_Page80_Inquiry_Data
                0x00000000200000cc        0x8 Middlewares/ST/STM32_USB_Device_Library/Class/MSC/Src/usbd_msc_data.o
                0x00000000200000cc                MSC_Page80_Inquiry_Data
 .data.MSC_Mode_Sense6_data
                0x00000000200000d4       0x17 Middlewares/ST/STM32_USB_Device_Library/Class/MSC/Src/usbd_msc_data.o
                0x00000000200000d4                MSC_Mode_Sense6_data
 *fill*         0x00000000200000eb        0x1 
 .data.MSC_Mode_Sense10_data
                0x00000000200000ec       0x1b Middlewares/ST/STM32_USB_Device_Library/Class/MSC/Src/usbd_msc_data.o
                0x00000000200000ec                MSC_Mode_Sense10_data
 *fill*         0x0000000020000107        0x1 
 .data.FS_Desc  0x0000000020000108       0x1c USB_DEVICE/App/usbd_desc.o
                0x0000000020000108                FS_Desc
 .data.USBD_FS_DeviceDesc
                0x0000000020000124       0x12 USB_DEVICE/App/usbd_desc.o
                0x0000000020000124                USBD_FS_DeviceDesc
 *fill*         0x0000000020000136        0x2 
 .data.USBD_LangIDDesc
                0x0000000020000138        0x4 USB_DEVICE/App/usbd_desc.o
                0x0000000020000138                USBD_LangIDDesc
 .data.USBD_StringSerial
                0x000000002000013c       0x1a USB_DEVICE/App/usbd_desc.o
                0x000000002000013c                USBD_StringSerial
 *fill*         0x0000000020000156        0x2 
 .data.USBD_Storage_Interface_fops_FS
                0x0000000020000158       0x20 USB_DEVICE/App/usbd_storage_if.o
                0x0000000020000158                USBD_Storage_Interface_fops_FS
 .data.curret_identity
                0x0000000020000178        0x1 user/Badge.o
 *fill*         0x0000000020000179        0x1 
 .data.BACK_COLOR
                0x000000002000017a        0x2 user/lcd.o
                0x000000002000017a                BACK_COLOR
 .data.W25QXX_TYPE
                0x000000002000017c        0x2 user/w25qxx..o
                0x000000002000017c                W25QXX_TYPE
 *fill*         0x000000002000017e        0x2 
 .data._impure_ptr
                0x0000000020000180        0x4 d:/st/stm32cubeide_1.6.0/stm32cubeide/plugins/com.st.stm32cube.ide.mcu.externaltools.gnu-tools-for-stm32.9-2020-q2-update.win32_1.5.0.202011040924/tools/bin/../lib/gcc/arm-none-eabi/9.3.1/../../../../arm-none-eabi/lib/thumb/v7e-m+fp/hard\libc_nano.a(lib_a-impure.o)
                0x0000000020000180                _impure_ptr
 .data.impure_data
                0x0000000020000184       0x60 d:/st/stm32cubeide_1.6.0/stm32cubeide/plugins/com.st.stm32cube.ide.mcu.externaltools.gnu-tools-for-stm32.9-2020-q2-update.win32_1.5.0.202011040924/tools/bin/../lib/gcc/arm-none-eabi/9.3.1/../../../../arm-none-eabi/lib/thumb/v7e-m+fp/hard\libc_nano.a(lib_a-impure.o)
 *(.RamFunc)
 *(.RamFunc*)
                0x00000000200001e4                . = ALIGN (0x4)
                0x00000000200001e4                _edata = .

.igot.plt       0x00000000200001e4        0x0 load address 0x00000000080129b0
 .igot.plt      0x00000000200001e4        0x0 d:/st/stm32cubeide_1.6.0/stm32cubeide/plugins/com.st.stm32cube.ide.mcu.externaltools.gnu-tools-for-stm32.9-2020-q2-update.win32_1.5.0.202011040924/tools/bin/../lib/gcc/arm-none-eabi/9.3.1/thumb/v7e-m+fp/hard/crtbegin.o
                0x00000000200001e4                . = ALIGN (0x4)

.bss            0x00000000200001e4     0x4c98 load address 0x00000000080129b0
                0x00000000200001e4                _sbss = .
                0x00000000200001e4                __bss_start__ = _sbss
 *(.bss)
 .bss           0x00000000200001e4       0x1c d:/st/stm32cubeide_1.6.0/stm32cubeide/plugins/com.st.stm32cube.ide.mcu.externaltools.gnu-tools-for-stm32.9-2020-q2-update.win32_1.5.0.202011040924/tools/bin/../lib/gcc/arm-none-eabi/9.3.1/thumb/v7e-m+fp/hard/crtbegin.o
 *(.bss*)
 .bss.__sbrk_heap_end
                0x0000000020000200        0x4 Core/Src/sysmem.o
 .bss.cfgidx.10398
                0x0000000020000204        0x1 Middlewares/ST/STM32_USB_Device_Library/Core/Src/usbd_ctlreq.o
 *fill*         0x0000000020000205        0x3 
 .bss.FatFs     0x0000000020000208        0x4 Middlewares/Third_Party/FatFs/src/ff.o
 .bss.Fsid      0x000000002000020c        0x2 Middlewares/Third_Party/FatFs/src/ff.o
 *fill*         0x000000002000020e        0x2 
 .bss.Files     0x0000000020000210       0x20 Middlewares/Third_Party/FatFs/src/ff.o
 .bss.disk      0x0000000020000230        0xc Middlewares/Third_Party/FatFs/src/ff_gen_drv.o
                0x0000000020000230                disk
 .bss.mem.10520
                0x000000002000023c     0x1078 USB_DEVICE/Target/usbd_conf.o
 .bss.last_key.9508
                0x00000000200012b4        0x1 user/Badge.o
 *fill*         0x00000000200012b5        0x1 
 .bss.POINT_COLOR
                0x00000000200012b6        0x2 user/lcd.o
                0x00000000200012b6                POINT_COLOR
 .bss.red_pwm_high_cycle
                0x00000000200012b8        0x1 user/led.o
                0x00000000200012b8                red_pwm_high_cycle
 .bss.gre_pwm_high_cycle
                0x00000000200012b9        0x1 user/led.o
                0x00000000200012b9                gre_pwm_high_cycle
 .bss.blu_pwm_high_cycle
                0x00000000200012ba        0x1 user/led.o
                0x00000000200012ba                blu_pwm_high_cycle
 .bss.pwm_count.8371
                0x00000000200012bb        0x1 user/led.o
 .bss.RmtSta    0x00000000200012bc        0x1 user/remote.o
                0x00000000200012bc                RmtSta
 *fill*         0x00000000200012bd        0x3 
 .bss.RmtRec    0x00000000200012c0        0x4 user/remote.o
                0x00000000200012c0                RmtRec
 .bss.RmtCnt    0x00000000200012c4        0x1 user/remote.o
                0x00000000200012c4                RmtCnt
 *fill*         0x00000000200012c5        0x3 
 .bss.__malloc_free_list
                0x00000000200012c8        0x4 d:/st/stm32cubeide_1.6.0/stm32cubeide/plugins/com.st.stm32cube.ide.mcu.externaltools.gnu-tools-for-stm32.9-2020-q2-update.win32_1.5.0.202011040924/tools/bin/../lib/gcc/arm-none-eabi/9.3.1/../../../../arm-none-eabi/lib/thumb/v7e-m+fp/hard\libc_nano.a(lib_a-nano-mallocr.o)
                0x00000000200012c8                __malloc_free_list
 .bss.__malloc_sbrk_start
                0x00000000200012cc        0x4 d:/st/stm32cubeide_1.6.0/stm32cubeide/plugins/com.st.stm32cube.ide.mcu.externaltools.gnu-tools-for-stm32.9-2020-q2-update.win32_1.5.0.202011040924/tools/bin/../lib/gcc/arm-none-eabi/9.3.1/../../../../arm-none-eabi/lib/thumb/v7e-m+fp/hard\libc_nano.a(lib_a-nano-mallocr.o)
                0x00000000200012cc                __malloc_sbrk_start
 *(COMMON)
 COMMON         0x00000000200012d0       0x58 Core/Src/spi.o
                0x00000000200012d0                hspi1
 COMMON         0x0000000020001328       0x90 Core/Src/tim.o
                0x0000000020001328                htim10
                0x0000000020001370                htim2
 COMMON         0x00000000200013b8        0x4 Drivers/STM32F4xx_HAL_Driver/Src/stm32f4xx_hal.o
                0x00000000200013b8                uwTick
 COMMON         0x00000000200013bc     0x206c FATFS/App/fatfs.o
                0x00000000200013bc                USERPath
                0x00000000200013c0                retUSER
                0x00000000200013c4                USERFile
                0x00000000200023f4                USERFatFS
 COMMON         0x0000000020003428      0x2d0 USB_DEVICE/App/usb_device.o
                0x0000000020003428                hUsbDeviceFS
 COMMON         0x00000000200036f8      0x200 USB_DEVICE/App/usbd_desc.o
                0x00000000200036f8                USBD_StrDesc